set -o pipefail; /usr/bin/mariadb-dump --user=_a2049711c14f315a --host=127.0.0.1 --port=3306 --password=********** --single-transaction --quick --lock-tables=false _a2049711c14f315a | /usr/bin/gzip >> ./car.local/private/backups/20260330_120002-car_local-database.sql.gz

Backup Summary for car.local at 2026-03-30 12:00:02.532629
Config  : ./car.local/private/backups/20260330_120002-car_local-site_config_backup.json 94.0B
Database: ./car.local/private/backups/20260330_120002-car_local-database.sql.gz         250.5KiB
Backup for Site car.local has been successfully completed
set -o pipefail; /usr/bin/mariadb-dump --user=_a2049711c14f315a --host=127.0.0.1 --port=3306 --password=********** --single-transaction --quick --lock-tables=false _a2049711c14f315a | /usr/bin/gzip >> ./car.local/private/backups/20260330_180002-car_local-database.sql.gz

Backup Summary for car.local at 2026-03-30 18:00:02.386956
Config  : ./car.local/private/backups/20260330_180002-car_local-site_config_backup.json 94.0B
Database: ./car.local/private/backups/20260330_180002-car_local-database.sql.gz         262.6KiB
Backup for Site car.local has been successfully completed
set -o pipefail; /usr/bin/mariadb-dump --user=_a2049711c14f315a --host=127.0.0.1 --port=3306 --password=********** --single-transaction --quick --lock-tables=false _a2049711c14f315a | /usr/bin/gzip >> ./car.local/private/backups/20260331_120047-car_local-database.sql.gz

Backup Summary for car.local at 2026-03-31 12:00:47.599909
Config  : ./car.local/private/backups/20260331_120047-car_local-site_config_backup.json 94.0B
Database: ./car.local/private/backups/20260331_120047-car_local-database.sql.gz         266.5KiB
Backup for Site car.local has been successfully completed
set -o pipefail; /usr/bin/mariadb-dump --user=_a2049711c14f315a --host=127.0.0.1 --port=3306 --password=********** --single-transaction --quick --lock-tables=false _a2049711c14f315a | /usr/bin/gzip >> ./car.local/private/backups/20260331_180001-car_local-database.sql.gz

Backup Summary for car.local at 2026-03-31 18:00:02.169445
Config  : ./car.local/private/backups/20260331_180001-car_local-site_config_backup.json 94.0B
Database: ./car.local/private/backups/20260331_180001-car_local-database.sql.gz         275.6KiB
Backup for Site car.local has been successfully completed
set -o pipefail; /usr/bin/mariadb-dump --user=_a2049711c14f315a --host=127.0.0.1 --port=3306 --password=********** --single-transaction --quick --lock-tables=false _a2049711c14f315a | /usr/bin/gzip >> ./car.local/private/backups/20260401_120001-car_local-database.sql.gz

Backup Summary for car.local at 2026-04-01 12:00:01.953590
Config  : ./car.local/private/backups/20260401_120001-car_local-site_config_backup.json 94.0B
Database: ./car.local/private/backups/20260401_120001-car_local-database.sql.gz         281.4KiB
Backup for Site car.local has been successfully completed
set -o pipefail; /usr/bin/mariadb-dump --user=_a2049711c14f315a --host=127.0.0.1 --port=3306 --password=********** --single-transaction --quick --lock-tables=false _a2049711c14f315a | /usr/bin/gzip >> ./car.local/private/backups/20260401_180001-car_local-database.sql.gz

Backup Summary for car.local at 2026-04-01 18:00:01.633248
Config  : ./car.local/private/backups/20260401_180001-car_local-site_config_backup.json 94.0B
Database: ./car.local/private/backups/20260401_180001-car_local-database.sql.gz         291.5KiB
Backup for Site car.local has been successfully completed
set -o pipefail; /usr/bin/mariadb-dump --user=_a2049711c14f315a --host=127.0.0.1 --port=3306 --password=********** --single-transaction --quick --lock-tables=false _a2049711c14f315a | /usr/bin/gzip >> ./car.local/private/backups/20260402_120002-car_local-database.sql.gz

Backup Summary for car.local at 2026-04-02 12:00:03.539014
Config  : ./car.local/private/backups/20260402_120002-car_local-site_config_backup.json 94.0B
Database: ./car.local/private/backups/20260402_120002-car_local-database.sql.gz         292.2KiB
Backup for Site car.local has been successfully completed
set -o pipefail; /usr/bin/mariadb-dump --user=_a2049711c14f315a --host=127.0.0.1 --port=3306 --password=********** --single-transaction --quick --lock-tables=false _a2049711c14f315a | /usr/bin/gzip >> ./car.local/private/backups/20260402_180002-car_local-database.sql.gz

Backup Summary for car.local at 2026-04-02 18:00:02.557430
Config  : ./car.local/private/backups/20260402_180002-car_local-site_config_backup.json 94.0B
Database: ./car.local/private/backups/20260402_180002-car_local-database.sql.gz         293.2KiB
Backup for Site car.local has been successfully completed
set -o pipefail; /usr/bin/mariadb-dump --user=_a2049711c14f315a --host=127.0.0.1 --port=3306 --password=********** --single-transaction --quick --lock-tables=false _a2049711c14f315a | /usr/bin/gzip >> ./car.local/private/backups/20260403_120002-car_local-database.sql.gz

Backup Summary for car.local at 2026-04-03 12:00:03.003742
Config  : ./car.local/private/backups/20260403_120002-car_local-site_config_backup.json 94.0B
Database: ./car.local/private/backups/20260403_120002-car_local-database.sql.gz         294.2KiB
Backup for Site car.local has been successfully completed
set -o pipefail; /usr/bin/mariadb-dump --user=_a2049711c14f315a --host=127.0.0.1 --port=3306 --password=********** --single-transaction --quick --lock-tables=false _a2049711c14f315a | /usr/bin/gzip >> ./car.local/private/backups/20260403_180002-car_local-database.sql.gz

Backup Summary for car.local at 2026-04-03 18:00:02.449586
Config  : ./car.local/private/backups/20260403_180002-car_local-site_config_backup.json 94.0B
Database: ./car.local/private/backups/20260403_180002-car_local-database.sql.gz         294.2KiB
Backup for Site car.local has been successfully completed
set -o pipefail; /usr/bin/mariadb-dump --user=_a2049711c14f315a --host=127.0.0.1 --port=3306 --password=********** --single-transaction --quick --lock-tables=false _a2049711c14f315a | /usr/bin/gzip >> ./car.local/private/backups/20260406_180001-car_local-database.sql.gz

Backup Summary for car.local at 2026-04-06 18:00:02.416039
Config  : ./car.local/private/backups/20260406_180001-car_local-site_config_backup.json 94.0B
Database: ./car.local/private/backups/20260406_180001-car_local-database.sql.gz         299.5KiB
Backup for Site car.local has been successfully completed
set -o pipefail; /usr/bin/mariadb-dump --user=_a2049711c14f315a --host=127.0.0.1 --port=3306 --password=********** --single-transaction --quick --lock-tables=false _a2049711c14f315a | /usr/bin/gzip >> ./car.local/private/backups/20260407_180001-car_local-database.sql.gz

Backup Summary for car.local at 2026-04-07 18:00:02.220240
Config  : ./car.local/private/backups/20260407_180001-car_local-site_config_backup.json 94.0B
Database: ./car.local/private/backups/20260407_180001-car_local-database.sql.gz         309.0KiB
Backup for Site car.local has been successfully completed
set -o pipefail; /usr/bin/mariadb-dump --user=_a2049711c14f315a --host=127.0.0.1 --port=3306 --password=********** --single-transaction --quick --lock-tables=false _a2049711c14f315a | /usr/bin/gzip >> ./car.local/private/backups/20260408_180002-car_local-database.sql.gz

Backup Summary for car.local at 2026-04-08 18:00:02.492689
Config  : ./car.local/private/backups/20260408_180002-car_local-site_config_backup.json 94.0B
Database: ./car.local/private/backups/20260408_180002-car_local-database.sql.gz         310.9KiB
Backup for Site car.local has been successfully completed
set -o pipefail; /usr/bin/mariadb-dump --user=_a2049711c14f315a --host=127.0.0.1 --port=3306 --password=********** --single-transaction --quick --lock-tables=false _a2049711c14f315a | /usr/bin/gzip >> ./car.local/private/backups/20260409_180001-car_local-database.sql.gz

Backup Summary for car.local at 2026-04-09 18:00:01.930700
Config  : ./car.local/private/backups/20260409_180001-car_local-site_config_backup.json 94.0B
Database: ./car.local/private/backups/20260409_180001-car_local-database.sql.gz         311.3KiB
Backup for Site car.local has been successfully completed
set -o pipefail; /usr/bin/mariadb-dump --user=_a2049711c14f315a --host=127.0.0.1 --port=3306 --password=********** --single-transaction --quick --lock-tables=false _a2049711c14f315a | /usr/bin/gzip >> ./car.local/private/backups/20260410_120002-car_local-database.sql.gz

Backup Summary for car.local at 2026-04-10 12:00:02.500818
Config  : ./car.local/private/backups/20260410_120002-car_local-site_config_backup.json 94.0B
Database: ./car.local/private/backups/20260410_120002-car_local-database.sql.gz         311.9KiB
Backup for Site car.local has been successfully completed
set -o pipefail; /usr/bin/mariadb-dump --user=_a2049711c14f315a --host=127.0.0.1 --port=3306 --password=********** --single-transaction --quick --lock-tables=false _a2049711c14f315a | /usr/bin/gzip >> ./car.local/private/backups/20260410_180001-car_local-database.sql.gz

Backup Summary for car.local at 2026-04-10 18:00:02.121783
Config  : ./car.local/private/backups/20260410_180001-car_local-site_config_backup.json 94.0B
Database: ./car.local/private/backups/20260410_180001-car_local-database.sql.gz         316.2KiB
Backup for Site car.local has been successfully completed
set -o pipefail; /usr/bin/mariadb-dump --user=_a2049711c14f315a --host=127.0.0.1 --port=3306 --password=********** --single-transaction --quick --lock-tables=false _a2049711c14f315a | /usr/bin/gzip >> ./car.local/private/backups/20260413_180002-car_local-database.sql.gz

Backup Summary for car.local at 2026-04-13 18:00:03.092146
Config  : ./car.local/private/backups/20260413_180002-car_local-site_config_backup.json 161.0B
Database: ./car.local/private/backups/20260413_180002-car_local-database.sql.gz         1.1MiB
Backup for Site car.local has been successfully completed
set -o pipefail; /usr/bin/mariadb-dump --user=_a2049711c14f315a --host=127.0.0.1 --port=3306 --password=********** --single-transaction --quick --lock-tables=false _a2049711c14f315a | /usr/bin/gzip >> ./car.local/private/backups/20260415_120001-car_local-database.sql.gz

Backup Summary for car.local at 2026-04-15 12:00:01.822413
Config  : ./car.local/private/backups/20260415_120001-car_local-site_config_backup.json 161.0B
Database: ./car.local/private/backups/20260415_120001-car_local-database.sql.gz         1.1MiB
Backup for Site car.local has been successfully completed
set -o pipefail; /usr/bin/mariadb-dump --user=_a2049711c14f315a --host=127.0.0.1 --port=3306 --password=********** --single-transaction --quick --lock-tables=false _a2049711c14f315a | /usr/bin/gzip >> ./car.local/private/backups/20260416_120003-car_local-database.sql.gz

Backup Summary for car.local at 2026-04-16 12:00:04.052978
Config  : ./car.local/private/backups/20260416_120003-car_local-site_config_backup.json 161.0B
Database: ./car.local/private/backups/20260416_120003-car_local-database.sql.gz         1.1MiB
Backup for Site car.local has been successfully completed
set -o pipefail; /usr/bin/mariadb-dump --user=_a2049711c14f315a --host=127.0.0.1 --port=3306 --password=********** --single-transaction --quick --lock-tables=false _a2049711c14f315a | /usr/bin/gzip >> ./car.local/private/backups/20260420_120002-car_local-database.sql.gz

Backup Summary for car.local at 2026-04-20 12:00:03.046199
Config  : ./car.local/private/backups/20260420_120002-car_local-site_config_backup.json 161.0B
Database: ./car.local/private/backups/20260420_120002-car_local-database.sql.gz         1.1MiB
Backup for Site car.local has been successfully completed
set -o pipefail; /usr/bin/mariadb-dump --user=_a2049711c14f315a --host=127.0.0.1 --port=3306 --password=********** --single-transaction --quick --lock-tables=false _a2049711c14f315a | /usr/bin/gzip >> ./car.local/private/backups/20260420_180001-car_local-database.sql.gz

Backup Summary for car.local at 2026-04-20 18:00:01.962862
Config  : ./car.local/private/backups/20260420_180001-car_local-site_config_backup.json 161.0B
Database: ./car.local/private/backups/20260420_180001-car_local-database.sql.gz         1.1MiB
Backup for Site car.local has been successfully completed
set -o pipefail; /usr/bin/mariadb-dump --user=_a2049711c14f315a --host=127.0.0.1 --port=3306 --password=********** --single-transaction --quick --lock-tables=false _a2049711c14f315a | /usr/bin/gzip >> ./car.local/private/backups/20260421_120002-car_local-database.sql.gz

Backup Summary for car.local at 2026-04-21 12:00:03.684149
Config  : ./car.local/private/backups/20260421_120002-car_local-site_config_backup.json 161.0B
Database: ./car.local/private/backups/20260421_120002-car_local-database.sql.gz         1.1MiB
Backup for Site car.local has been successfully completed
set -o pipefail; /usr/bin/mariadb-dump --user=_a2049711c14f315a --host=127.0.0.1 --port=3306 --password=********** --single-transaction --quick --lock-tables=false _a2049711c14f315a | /usr/bin/gzip >> ./car.local/private/backups/20260421_180002-car_local-database.sql.gz

Backup Summary for car.local at 2026-04-21 18:00:03.270778
Config  : ./car.local/private/backups/20260421_180002-car_local-site_config_backup.json 161.0B
Database: ./car.local/private/backups/20260421_180002-car_local-database.sql.gz         1.1MiB
Backup for Site car.local has been successfully completed
set -o pipefail; /usr/bin/mariadb-dump --user=_a2049711c14f315a --host=127.0.0.1 --port=3306 --password=********** --single-transaction --quick --lock-tables=false _a2049711c14f315a | /usr/bin/gzip >> ./car.local/private/backups/20260424_120001-car_local-database.sql.gz

Backup Summary for car.local at 2026-04-24 12:00:02.560967
Config  : ./car.local/private/backups/20260424_120001-car_local-site_config_backup.json 161.0B
Database: ./car.local/private/backups/20260424_120001-car_local-database.sql.gz         1.1MiB
Backup for Site car.local has been successfully completed
set -o pipefail; /usr/bin/mariadb-dump --user=_a2049711c14f315a --host=127.0.0.1 --port=3306 --password=********** --single-transaction --quick --lock-tables=false _a2049711c14f315a | /usr/bin/gzip >> ./car.local/private/backups/20260429_120002-car_local-database.sql.gz

Backup Summary for car.local at 2026-04-29 12:00:03.006308
Config  : ./car.local/private/backups/20260429_120002-car_local-site_config_backup.json 161.0B
Database: ./car.local/private/backups/20260429_120002-car_local-database.sql.gz         1.1MiB
Backup for Site car.local has been successfully completed
set -o pipefail; /usr/bin/mariadb-dump --user=_a2049711c14f315a --host=127.0.0.1 --port=3306 --password=********** --single-transaction --quick --lock-tables=false _a2049711c14f315a | /usr/bin/gzip >> ./car.local/private/backups/20260429_180002-car_local-database.sql.gz

Backup Summary for car.local at 2026-04-29 18:00:02.777779
Config  : ./car.local/private/backups/20260429_180002-car_local-site_config_backup.json 161.0B
Database: ./car.local/private/backups/20260429_180002-car_local-database.sql.gz         1.1MiB
Backup for Site car.local has been successfully completed
set -o pipefail; /usr/bin/mariadb-dump --user=_a2049711c14f315a --host=127.0.0.1 --port=3306 --password=********** --single-transaction --quick --lock-tables=false _a2049711c14f315a | /usr/bin/gzip >> ./car.local/private/backups/20260430_120001-car_local-database.sql.gz

Backup Summary for car.local at 2026-04-30 12:00:02.209652
Config  : ./car.local/private/backups/20260430_120001-car_local-site_config_backup.json 161.0B
Database: ./car.local/private/backups/20260430_120001-car_local-database.sql.gz         1.1MiB
Backup for Site car.local has been successfully completed
set -o pipefail; /usr/bin/mariadb-dump --user=_a2049711c14f315a --host=127.0.0.1 --port=3306 --password=********** --single-transaction --quick --lock-tables=false _a2049711c14f315a | /usr/bin/gzip >> ./car.local/private/backups/20260430_180002-car_local-database.sql.gz

Backup Summary for car.local at 2026-04-30 18:00:02.757843
Config  : ./car.local/private/backups/20260430_180002-car_local-site_config_backup.json 161.0B
Database: ./car.local/private/backups/20260430_180002-car_local-database.sql.gz         1.2MiB
Backup for Site car.local has been successfully completed
set -o pipefail; /usr/bin/mariadb-dump --user=_a2049711c14f315a --host=127.0.0.1 --port=3306 --password=********** --single-transaction --quick --lock-tables=false _a2049711c14f315a | /usr/bin/gzip >> ./car.local/private/backups/20260502_120002-car_local-database.sql.gz

Backup Summary for car.local at 2026-05-02 12:00:03.770577
Config  : ./car.local/private/backups/20260502_120002-car_local-site_config_backup.json 161.0B
Database: ./car.local/private/backups/20260502_120002-car_local-database.sql.gz         1.2MiB
Backup for Site car.local has been successfully completed
set -o pipefail; /usr/bin/mariadb-dump --user=_a2049711c14f315a --host=127.0.0.1 --port=3306 --password=********** --single-transaction --quick --lock-tables=false _a2049711c14f315a | /usr/bin/gzip >> ./car.local/private/backups/20260504_120002-car_local-database.sql.gz

Backup Summary for car.local at 2026-05-04 12:00:02.756864
Config  : ./car.local/private/backups/20260504_120002-car_local-site_config_backup.json 161.0B
Database: ./car.local/private/backups/20260504_120002-car_local-database.sql.gz         1.2MiB
Backup for Site car.local has been successfully completed
set -o pipefail; /usr/bin/mariadb-dump --user=_a2049711c14f315a --host=127.0.0.1 --port=3306 --password=********** --single-transaction --quick --lock-tables=false _a2049711c14f315a | /usr/bin/gzip >> ./car.local/private/backups/20260504_180002-car_local-database.sql.gz

Backup Summary for car.local at 2026-05-04 18:00:03.130201
Config  : ./car.local/private/backups/20260504_180002-car_local-site_config_backup.json 161.0B
Database: ./car.local/private/backups/20260504_180002-car_local-database.sql.gz         1.4MiB
Backup for Site car.local has been successfully completed
set -o pipefail; /usr/bin/mariadb-dump --user=_a2049711c14f315a --host=127.0.0.1 --port=3306 --password=********** --single-transaction --quick --lock-tables=false _a2049711c14f315a | /usr/bin/gzip >> ./car.local/private/backups/20260505_120002-car_local-database.sql.gz

Backup Summary for car.local at 2026-05-05 12:00:02.851766
Config  : ./car.local/private/backups/20260505_120002-car_local-site_config_backup.json 161.0B
Database: ./car.local/private/backups/20260505_120002-car_local-database.sql.gz         1.4MiB
Backup for Site car.local has been successfully completed
set -o pipefail; /usr/bin/mariadb-dump --user=_a2049711c14f315a --host=127.0.0.1 --port=3306 --password=********** --single-transaction --quick --lock-tables=false _a2049711c14f315a | /usr/bin/gzip >> ./car.local/private/backups/20260505_180002-car_local-database.sql.gz

Backup Summary for car.local at 2026-05-05 18:00:03.120862
Config  : ./car.local/private/backups/20260505_180002-car_local-site_config_backup.json 161.0B
Database: ./car.local/private/backups/20260505_180002-car_local-database.sql.gz         1.4MiB
Backup for Site car.local has been successfully completed
set -o pipefail; /usr/bin/mariadb-dump --user=_a2049711c14f315a --host=127.0.0.1 --port=3306 --password=********** --single-transaction --quick --lock-tables=false _a2049711c14f315a | /usr/bin/gzip >> ./car.local/private/backups/20260506_120001-car_local-database.sql.gz

Backup Summary for car.local at 2026-05-06 12:00:02.561374
Config  : ./car.local/private/backups/20260506_120001-car_local-site_config_backup.json 161.0B
Database: ./car.local/private/backups/20260506_120001-car_local-database.sql.gz         1.4MiB
Backup for Site car.local has been successfully completed
set -o pipefail; /usr/bin/mariadb-dump --user=_a2049711c14f315a --host=127.0.0.1 --port=3306 --password=********** --single-transaction --quick --lock-tables=false _a2049711c14f315a | /usr/bin/gzip >> ./car.local/private/backups/20260506_180002-car_local-database.sql.gz

Backup Summary for car.local at 2026-05-06 18:00:02.606036
Config  : ./car.local/private/backups/20260506_180002-car_local-site_config_backup.json 161.0B
Database: ./car.local/private/backups/20260506_180002-car_local-database.sql.gz         1.4MiB
Backup for Site car.local has been successfully completed
set -o pipefail; /usr/bin/mariadb-dump --user=_a2049711c14f315a --host=127.0.0.1 --port=3306 --password=********** --single-transaction --quick --lock-tables=false _a2049711c14f315a | /usr/bin/gzip >> ./car.local/private/backups/20260507_120002-car_local-database.sql.gz

Backup Summary for car.local at 2026-05-07 12:00:03.159694
Config  : ./car.local/private/backups/20260507_120002-car_local-site_config_backup.json 161.0B
Database: ./car.local/private/backups/20260507_120002-car_local-database.sql.gz         1.4MiB
Backup for Site car.local has been successfully completed
set -o pipefail; /usr/bin/mariadb-dump --user=_a2049711c14f315a --host=127.0.0.1 --port=3306 --password=********** --single-transaction --quick --lock-tables=false _a2049711c14f315a | /usr/bin/gzip >> ./car.local/private/backups/20260507_180001-car_local-database.sql.gz

Backup Summary for car.local at 2026-05-07 18:00:02.387008
Config  : ./car.local/private/backups/20260507_180001-car_local-site_config_backup.json 161.0B
Database: ./car.local/private/backups/20260507_180001-car_local-database.sql.gz         1.5MiB
Backup for Site car.local has been successfully completed
set -o pipefail; /usr/bin/mariadb-dump --user=_a2049711c14f315a --host=127.0.0.1 --port=3306 --password=********** --single-transaction --quick --lock-tables=false _a2049711c14f315a | /usr/bin/gzip >> ./car.local/private/backups/20260508_120002-car_local-database.sql.gz

Backup Summary for car.local at 2026-05-08 12:00:02.938303
Config  : ./car.local/private/backups/20260508_120002-car_local-site_config_backup.json 161.0B
Database: ./car.local/private/backups/20260508_120002-car_local-database.sql.gz         1.5MiB
Backup for Site car.local has been successfully completed
set -o pipefail; /usr/bin/mariadb-dump --user=_a2049711c14f315a --host=127.0.0.1 --port=3306 --password=********** --single-transaction --quick --lock-tables=false _a2049711c14f315a | /usr/bin/gzip >> ./car.local/private/backups/20260511_120001-car_local-database.sql.gz

Backup Summary for car.local at 2026-05-11 12:00:02.611693
Config  : ./car.local/private/backups/20260511_120001-car_local-site_config_backup.json 161.0B
Database: ./car.local/private/backups/20260511_120001-car_local-database.sql.gz         1.7MiB
Backup for Site car.local has been successfully completed
set -o pipefail; /usr/bin/mariadb-dump --user=_a2049711c14f315a --host=127.0.0.1 --port=3306 --password=********** --single-transaction --quick --lock-tables=false _a2049711c14f315a | /usr/bin/gzip >> ./car.local/private/backups/20260511_180001-car_local-database.sql.gz

Backup Summary for car.local at 2026-05-11 18:00:02.786921
Config  : ./car.local/private/backups/20260511_180001-car_local-site_config_backup.json 161.0B
Database: ./car.local/private/backups/20260511_180001-car_local-database.sql.gz         1.8MiB
Backup for Site car.local has been successfully completed
set -o pipefail; /usr/bin/mariadb-dump --user=_a2049711c14f315a --host=127.0.0.1 --port=3306 --password=********** --single-transaction --quick --lock-tables=false _a2049711c14f315a | /usr/bin/gzip >> ./car.local/private/backups/20260512_120002-car_local-database.sql.gz

Backup Summary for car.local at 2026-05-12 12:00:03.079543
Config  : ./car.local/private/backups/20260512_120002-car_local-site_config_backup.json 161.0B
Database: ./car.local/private/backups/20260512_120002-car_local-database.sql.gz         1.8MiB
Backup for Site car.local has been successfully completed
set -o pipefail; /usr/bin/mariadb-dump --user=_a2049711c14f315a --host=127.0.0.1 --port=3306 --password=********** --single-transaction --quick --lock-tables=false _a2049711c14f315a | /usr/bin/gzip >> ./car.local/private/backups/20260512_180001-car_local-database.sql.gz

Backup Summary for car.local at 2026-05-12 18:00:02.571970
Config  : ./car.local/private/backups/20260512_180001-car_local-site_config_backup.json 161.0B
Database: ./car.local/private/backups/20260512_180001-car_local-database.sql.gz         1.8MiB
Backup for Site car.local has been successfully completed
set -o pipefail; /usr/bin/mariadb-dump --user=_a2049711c14f315a --host=127.0.0.1 --port=3306 --password=********** --single-transaction --quick --lock-tables=false _a2049711c14f315a | /usr/bin/gzip >> ./car.local/private/backups/20260513_000002-car_local-database.sql.gz

Backup Summary for car.local at 2026-05-13 00:00:03.512685
Config  : ./car.local/private/backups/20260513_000002-car_local-site_config_backup.json 161.0B
Database: ./car.local/private/backups/20260513_000002-car_local-database.sql.gz         1.8MiB
Backup for Site car.local has been successfully completed
set -o pipefail; /usr/bin/mariadb-dump --user=_a2049711c14f315a --host=127.0.0.1 --port=3306 --password=********** --single-transaction --quick --lock-tables=false _a2049711c14f315a | /usr/bin/gzip >> ./car.local/private/backups/20260513_120002-car_local-database.sql.gz

Backup Summary for car.local at 2026-05-13 12:00:03.000996
Config  : ./car.local/private/backups/20260513_120002-car_local-site_config_backup.json 161.0B
Database: ./car.local/private/backups/20260513_120002-car_local-database.sql.gz         1.8MiB
Backup for Site car.local has been successfully completed
set -o pipefail; /usr/bin/mariadb-dump --user=_a2049711c14f315a --host=127.0.0.1 --port=3306 --password=********** --single-transaction --quick --lock-tables=false _a2049711c14f315a | /usr/bin/gzip >> ./car.local/private/backups/20260513_180002-car_local-database.sql.gz

Backup Summary for car.local at 2026-05-13 18:00:04.646358
Config  : ./car.local/private/backups/20260513_180002-car_local-site_config_backup.json 161.0B
Database: ./car.local/private/backups/20260513_180002-car_local-database.sql.gz         1.9MiB
Backup for Site car.local has been successfully completed
set -o pipefail; /usr/bin/mariadb-dump --user=_a2049711c14f315a --host=127.0.0.1 --port=3306 --password=********** --single-transaction --quick --lock-tables=false _a2049711c14f315a | /usr/bin/gzip >> ./car.local/private/backups/20260514_120002-car_local-database.sql.gz

Backup Summary for car.local at 2026-05-14 12:00:04.020534
Config  : ./car.local/private/backups/20260514_120002-car_local-site_config_backup.json 161.0B
Database: ./car.local/private/backups/20260514_120002-car_local-database.sql.gz         1.9MiB
Backup for Site car.local has been successfully completed
set -o pipefail; /usr/bin/mariadb-dump --user=_a2049711c14f315a --host=127.0.0.1 --port=3306 --password=********** --single-transaction --quick --lock-tables=false _a2049711c14f315a | /usr/bin/gzip >> ./car.local/private/backups/20260514_180002-car_local-database.sql.gz

Backup Summary for car.local at 2026-05-14 18:00:03.498725
Config  : ./car.local/private/backups/20260514_180002-car_local-site_config_backup.json 161.0B
Database: ./car.local/private/backups/20260514_180002-car_local-database.sql.gz         1.9MiB
Backup for Site car.local has been successfully completed
set -o pipefail; /usr/bin/mariadb-dump --user=_a2049711c14f315a --host=127.0.0.1 --port=3306 --password=********** --single-transaction --quick --lock-tables=false _a2049711c14f315a | /usr/bin/gzip >> ./car.local/private/backups/20260515_120003-car_local-database.sql.gz

Backup Summary for car.local at 2026-05-15 12:00:04.356071
Config  : ./car.local/private/backups/20260515_120003-car_local-site_config_backup.json 161.0B
Database: ./car.local/private/backups/20260515_120003-car_local-database.sql.gz         1.9MiB
Backup for Site car.local has been successfully completed
set -o pipefail; /usr/bin/mariadb-dump --user=_a2049711c14f315a --host=127.0.0.1 --port=3306 --password=********** --single-transaction --quick --lock-tables=false _a2049711c14f315a | /usr/bin/gzip >> ./car.local/private/backups/20260515_180002-car_local-database.sql.gz

Backup Summary for car.local at 2026-05-15 18:00:03.182080
Config  : ./car.local/private/backups/20260515_180002-car_local-site_config_backup.json 161.0B
Database: ./car.local/private/backups/20260515_180002-car_local-database.sql.gz         1.9MiB
Backup for Site car.local has been successfully completed
set -o pipefail; /usr/bin/mariadb-dump --user=_a2049711c14f315a --host=127.0.0.1 --port=3306 --password=********** --single-transaction --quick --lock-tables=false _a2049711c14f315a | /usr/bin/gzip >> ./car.local/private/backups/20260518_120003-car_local-database.sql.gz

Backup Summary for car.local at 2026-05-18 12:00:04.420362
Config  : ./car.local/private/backups/20260518_120003-car_local-site_config_backup.json 161.0B
Database: ./car.local/private/backups/20260518_120003-car_local-database.sql.gz         1.9MiB
Backup for Site car.local has been successfully completed
