2026-03-29 14:50:32,353 WARNING database DDL Query made to DB:
create table `tabCustom HTML Block` (
			name varchar(140) primary key,
			creation datetime(6),
			modified datetime(6),
			modified_by varchar(140),
			owner varchar(140),
			docstatus int(1) not null default '0',
			idx int(8) not null default '0',
			`private` int(1) not null default 0,
`html` longtext,
`script` longtext,
`style` longtext,
`_user_tags` text,
`_comments` text,
`_assign` text,
`_liked_by` text,
index modified(modified))
			ENGINE=InnoDB
			ROW_FORMAT=DYNAMIC
			CHARACTER SET=utf8mb4
			COLLATE=utf8mb4_unicode_ci
2026-03-29 14:50:32,454 WARNING database DDL Query made to DB:
create table `tabTag Link` (
			name varchar(140) primary key,
			creation datetime(6),
			modified datetime(6),
			modified_by varchar(140),
			owner varchar(140),
			docstatus int(1) not null default '0',
			idx int(8) not null default '0',
			`document_type` varchar(140),
`document_name` varchar(140),
`tag` varchar(140),
`title` varchar(140),
`_user_tags` text,
`_comments` text,
`_assign` text,
`_liked_by` text,
index modified(modified))
			ENGINE=InnoDB
			ROW_FORMAT=DYNAMIC
			CHARACTER SET=utf8mb4
			COLLATE=utf8mb4_unicode_ci
2026-03-29 14:50:32,516 WARNING database DDL Query made to DB:
ALTER TABLE `tabTag Link`
				ADD INDEX IF NOT EXISTS `document_type_document_name_index`(document_type, document_name)
2026-03-29 14:50:32,578 WARNING database DDL Query made to DB:
create table `tabDashboard Chart Field` (
			name varchar(140) primary key,
			creation datetime(6),
			modified datetime(6),
			modified_by varchar(140),
			owner varchar(140),
			docstatus int(1) not null default '0',
			idx int(8) not null default '0',
			`y_field` varchar(140),
`color` varchar(140),
parent varchar(140),
parentfield varchar(140),
parenttype varchar(140),
index parent(parent))
			ENGINE=InnoDB
			ROW_FORMAT=DYNAMIC
			CHARACTER SET=utf8mb4
			COLLATE=utf8mb4_unicode_ci
2026-03-29 14:50:32,642 WARNING database DDL Query made to DB:
create table `tabCalendar View` (
			name varchar(140) primary key,
			creation datetime(6),
			modified datetime(6),
			modified_by varchar(140),
			owner varchar(140),
			docstatus int(1) not null default '0',
			idx int(8) not null default '0',
			`reference_doctype` varchar(140),
`subject_field` varchar(140),
`start_date_field` varchar(140),
`end_date_field` varchar(140),
`all_day` int(1) not null default 0,
`_user_tags` text,
`_comments` text,
`_assign` text,
`_liked_by` text,
index modified(modified))
			ENGINE=InnoDB
			ROW_FORMAT=DYNAMIC
			CHARACTER SET=utf8mb4
			COLLATE=utf8mb4_unicode_ci
2026-03-29 14:50:32,711 WARNING database DDL Query made to DB:
create table `tabNote Seen By` (
			name varchar(140) primary key,
			creation datetime(6),
			modified datetime(6),
			modified_by varchar(140),
			owner varchar(140),
			docstatus int(1) not null default '0',
			idx int(8) not null default '0',
			`user` varchar(140),
parent varchar(140),
parentfield varchar(140),
parenttype varchar(140),
index parent(parent))
			ENGINE=InnoDB
			ROW_FORMAT=DYNAMIC
			CHARACTER SET=utf8mb4
			COLLATE=utf8mb4_unicode_ci
2026-03-29 14:50:32,808 WARNING database DDL Query made to DB:
create table `tabNote` (
			name varchar(140) primary key,
			creation datetime(6),
			modified datetime(6),
			modified_by varchar(140),
			owner varchar(140),
			docstatus int(1) not null default '0',
			idx int(8) not null default '0',
			`title` varchar(140),
`public` int(1) not null default 0,
`notify_on_login` int(1) not null default 0,
`notify_on_every_login` int(1) not null default 0,
`expire_notification_on` date,
`content` longtext,
`_user_tags` text,
`_comments` text,
`_assign` text,
`_liked_by` text,
index `expire_notification_on`(`expire_notification_on`),
index modified(modified))
			ENGINE=InnoDB
			ROW_FORMAT=DYNAMIC
			CHARACTER SET=utf8mb4
			COLLATE=utf8mb4_unicode_ci
2026-03-29 14:50:32,998 WARNING database DDL Query made to DB:
create table `tabList View Settings` (
			name varchar(140) primary key,
			creation datetime(6),
			modified datetime(6),
			modified_by varchar(140),
			owner varchar(140),
			docstatus int(1) not null default '0',
			idx int(8) not null default '0',
			`disable_count` int(1) not null default 0,
`disable_comment_count` int(1) not null default 0,
`disable_sidebar_stats` int(1) not null default 0,
`disable_auto_refresh` int(1) not null default 0,
`allow_edit` int(1) not null default 0,
`disable_automatic_recency_filters` int(1) not null default 0,
`total_fields` varchar(140),
`fields` longtext,
`_user_tags` text,
`_comments` text,
`_assign` text,
`_liked_by` text,
index modified(modified))
			ENGINE=InnoDB
			ROW_FORMAT=DYNAMIC
			CHARACTER SET=utf8mb4
			COLLATE=utf8mb4_unicode_ci
2026-03-29 14:50:33,073 WARNING database DDL Query made to DB:
create table `tabGlobal Search DocType` (
			name varchar(140) primary key,
			creation datetime(6),
			modified datetime(6),
			modified_by varchar(140),
			owner varchar(140),
			docstatus int(1) not null default '0',
			idx int(8) not null default '0',
			`document_type` varchar(140),
parent varchar(140),
parentfield varchar(140),
parenttype varchar(140),
index parent(parent))
			ENGINE=InnoDB
			ROW_FORMAT=DYNAMIC
			CHARACTER SET=utf8mb4
			COLLATE=utf8mb4_unicode_ci
2026-03-29 14:50:33,156 WARNING database DDL Query made to DB:
create table `tabDesktop Icon` (
			name varchar(140) primary key,
			creation datetime(6),
			modified datetime(6),
			modified_by varchar(140),
			owner varchar(140),
			docstatus int(1) not null default '0',
			idx int(8) not null default '0',
			`module_name` varchar(140),
`label` varchar(140),
`standard` int(1) not null default 0,
`custom` int(1) not null default 0,
`app` varchar(140),
`description` text,
`category` varchar(140),
`hidden` int(1) not null default 0,
`blocked` int(1) not null default 0,
`force_show` int(1) not null default 0,
`type` varchar(140),
`_doctype` varchar(140),
`_report` varchar(140),
`link` text,
`color` varchar(140),
`icon` varchar(140),
`reverse` int(1) not null default 0,
`_user_tags` text,
`_comments` text,
`_assign` text,
`_liked_by` text,
index modified(modified))
			ENGINE=InnoDB
			ROW_FORMAT=DYNAMIC
			CHARACTER SET=utf8mb4
			COLLATE=utf8mb4_unicode_ci
2026-03-29 14:50:33,255 WARNING database DDL Query made to DB:
alter table `tabDesktop Icon`
					add unique `unique_module_name_owner_standard`(module_name, owner, standard)
2026-03-29 14:50:33,341 WARNING database DDL Query made to DB:
create table `tabChangelog Feed` (
			name varchar(140) primary key,
			creation datetime(6),
			modified datetime(6),
			modified_by varchar(140),
			owner varchar(140),
			docstatus int(1) not null default '0',
			idx int(8) not null default '0',
			`title` varchar(140),
`app_name` varchar(140),
`link` longtext,
`posting_timestamp` datetime(6),
`_user_tags` text,
`_comments` text,
`_assign` text,
`_liked_by` text,
index `posting_timestamp`(`posting_timestamp`),
index modified(modified))
			ENGINE=InnoDB
			ROW_FORMAT=DYNAMIC
			CHARACTER SET=utf8mb4
			COLLATE=utf8mb4_unicode_ci
2026-03-29 14:50:33,464 WARNING database DDL Query made to DB:
create table `tabEvent Participants` (
			name varchar(140) primary key,
			creation datetime(6),
			modified datetime(6),
			modified_by varchar(140),
			owner varchar(140),
			docstatus int(1) not null default '0',
			idx int(8) not null default '0',
			`reference_doctype` varchar(140),
`reference_docname` varchar(140),
`email` varchar(140),
`attending` varchar(140),
parent varchar(140),
parentfield varchar(140),
parenttype varchar(140),
index parent(parent))
			ENGINE=InnoDB
			ROW_FORMAT=DYNAMIC
			CHARACTER SET=utf8mb4
			COLLATE=utf8mb4_unicode_ci
2026-03-29 14:50:33,643 WARNING database DDL Query made to DB:
create table `tabKanban Board Column` (
			name varchar(140) primary key,
			creation datetime(6),
			modified datetime(6),
			modified_by varchar(140),
			owner varchar(140),
			docstatus int(1) not null default '0',
			idx int(8) not null default '0',
			`column_name` varchar(140),
`status` varchar(140) default 'Active',
`indicator` varchar(140) default 'Gray',
`order` longtext,
parent varchar(140),
parentfield varchar(140),
parenttype varchar(140),
index parent(parent))
			ENGINE=InnoDB
			ROW_FORMAT=DYNAMIC
			CHARACTER SET=utf8mb4
			COLLATE=utf8mb4_unicode_ci
2026-03-29 14:50:33,839 WARNING database DDL Query made to DB:
create table `tabConnected App` (
			name varchar(140) primary key,
			creation datetime(6),
			modified datetime(6),
			modified_by varchar(140),
			owner varchar(140),
			docstatus int(1) not null default '0',
			idx int(8) not null default '0',
			`provider_name` varchar(140),
`openid_configuration` varchar(140),
`client_id` varchar(140),
`redirect_uri` varchar(140),
`client_secret` text,
`authorization_uri` text,
`token_uri` varchar(140),
`revocation_uri` varchar(140),
`userinfo_uri` varchar(140),
`introspection_uri` varchar(140),
`_user_tags` text,
`_comments` text,
`_assign` text,
`_liked_by` text,
index modified(modified))
			ENGINE=InnoDB
			ROW_FORMAT=DYNAMIC
			CHARACTER SET=utf8mb4
			COLLATE=utf8mb4_unicode_ci
2026-03-29 14:50:34,012 WARNING database DDL Query made to DB:
create table `tabOAuth Scope` (
			name varchar(140) primary key,
			creation datetime(6),
			modified datetime(6),
			modified_by varchar(140),
			owner varchar(140),
			docstatus int(1) not null default '0',
			idx int(8) not null default '0',
			`scope` varchar(140),
parent varchar(140),
parentfield varchar(140),
parenttype varchar(140),
index parent(parent))
			ENGINE=InnoDB
			ROW_FORMAT=DYNAMIC
			CHARACTER SET=utf8mb4
			COLLATE=utf8mb4_unicode_ci
2026-03-29 14:50:34,189 WARNING database DDL Query made to DB:
create table `tabQuery Parameters` (
			name varchar(140) primary key,
			creation datetime(6),
			modified datetime(6),
			modified_by varchar(140),
			owner varchar(140),
			docstatus int(1) not null default '0',
			idx int(8) not null default '0',
			`key` varchar(140),
`value` varchar(140),
parent varchar(140),
parentfield varchar(140),
parenttype varchar(140),
index parent(parent))
			ENGINE=InnoDB
			ROW_FORMAT=DYNAMIC
			CHARACTER SET=utf8mb4
			COLLATE=utf8mb4_unicode_ci
2026-03-29 14:50:34,288 WARNING database DDL Query made to DB:
create table `tabWebhook Header` (
			name varchar(140) primary key,
			creation datetime(6),
			modified datetime(6),
			modified_by varchar(140),
			owner varchar(140),
			docstatus int(1) not null default '0',
			idx int(8) not null default '0',
			`key` text,
`value` text,
parent varchar(140),
parentfield varchar(140),
parenttype varchar(140),
index parent(parent))
			ENGINE=InnoDB
			ROW_FORMAT=DYNAMIC
			CHARACTER SET=utf8mb4
			COLLATE=utf8mb4_unicode_ci
2026-03-29 14:50:34,396 WARNING database DDL Query made to DB:
create table `tabWebhook Request Log` (
			name varchar(140) primary key,
			creation datetime(6),
			modified datetime(6),
			modified_by varchar(140),
			owner varchar(140),
			docstatus int(1) not null default '0',
			idx int(8) not null default '0',
			`webhook` varchar(140),
`reference_document` varchar(140),
`headers` longtext,
`data` longtext,
`user` varchar(140),
`url` text,
`response` longtext,
`error` text,
`_user_tags` text,
`_comments` text,
`_assign` text,
`_liked_by` text,
index modified(modified))
			ENGINE=InnoDB
			ROW_FORMAT=DYNAMIC
			CHARACTER SET=utf8mb4
			COLLATE=utf8mb4_unicode_ci
2026-03-29 14:50:34,488 WARNING database DDL Query made to DB:
create table `tabGoogle Calendar` (
			name varchar(140) primary key,
			creation datetime(6),
			modified datetime(6),
			modified_by varchar(140),
			owner varchar(140),
			docstatus int(1) not null default '0',
			idx int(8) not null default '0',
			`enable` int(1) not null default 1,
`calendar_name` varchar(140) unique,
`user` varchar(140),
`pull_from_google_calendar` int(1) not null default 1,
`sync_as_public` int(1) not null default 0,
`push_to_google_calendar` int(1) not null default 1,
`google_calendar_id` varchar(140),
`refresh_token` text,
`authorization_code` text,
`next_sync_token` text,
`_user_tags` text,
`_comments` text,
`_assign` text,
`_liked_by` text,
index modified(modified))
			ENGINE=InnoDB
			ROW_FORMAT=DYNAMIC
			CHARACTER SET=utf8mb4
			COLLATE=utf8mb4_unicode_ci
2026-03-29 14:50:34,654 WARNING database DDL Query made to DB:
create table `tabToken Cache` (
			name varchar(140) primary key,
			creation datetime(6),
			modified datetime(6),
			modified_by varchar(140),
			owner varchar(140),
			docstatus int(1) not null default '0',
			idx int(8) not null default '0',
			`user` varchar(140),
`connected_app` varchar(140),
`provider_name` varchar(140),
`access_token` text,
`refresh_token` text,
`expires_in` int(11) not null default 0,
`state` varchar(140),
`success_uri` varchar(140),
`token_type` varchar(140),
`_user_tags` text,
`_comments` text,
`_assign` text,
`_liked_by` text,
index modified(modified))
			ENGINE=InnoDB
			ROW_FORMAT=DYNAMIC
			CHARACTER SET=utf8mb4
			COLLATE=utf8mb4_unicode_ci
2026-03-29 14:50:34,771 WARNING database DDL Query made to DB:
create table `tabWebhook` (
			name varchar(140) primary key,
			creation datetime(6),
			modified datetime(6),
			modified_by varchar(140),
			owner varchar(140),
			docstatus int(1) not null default '0',
			idx int(8) not null default '0',
			`webhook_doctype` varchar(140),
`webhook_docevent` varchar(140),
`enabled` int(1) not null default 1,
`condition` text,
`request_url` text,
`is_dynamic_url` int(1) not null default 0,
`timeout` int(11) not null default 5,
`background_jobs_queue` varchar(140),
`request_method` varchar(140) default 'POST',
`request_structure` varchar(140),
`enable_security` int(1) not null default 0,
`webhook_secret` text,
`webhook_json` longtext,
`preview_document` varchar(140),
`_user_tags` text,
`_comments` text,
`_assign` text,
`_liked_by` text,
index modified(modified))
			ENGINE=InnoDB
			ROW_FORMAT=DYNAMIC
			CHARACTER SET=utf8mb4
			COLLATE=utf8mb4_unicode_ci
2026-03-29 14:50:34,854 WARNING database DDL Query made to DB:
create table `tabSocial Login Key` (
			name varchar(140) primary key,
			creation datetime(6),
			modified datetime(6),
			modified_by varchar(140),
			owner varchar(140),
			docstatus int(1) not null default '0',
			idx int(8) not null default '0',
			`enable_social_login` int(1) not null default 0,
`social_login_provider` varchar(140) default 'Custom',
`client_id` varchar(140),
`provider_name` varchar(140),
`client_secret` text,
`icon` varchar(140),
`base_url` varchar(140),
`sign_ups` varchar(140),
`authorize_url` varchar(140),
`access_token_url` varchar(140),
`redirect_url` varchar(140),
`api_endpoint` varchar(140),
`custom_base_url` int(1) not null default 0,
`api_endpoint_args` longtext,
`auth_url_data` longtext,
`user_id_property` varchar(140),
`_user_tags` text,
`_comments` text,
`_assign` text,
`_liked_by` text,
index modified(modified))
			ENGINE=InnoDB
			ROW_FORMAT=DYNAMIC
			CHARACTER SET=utf8mb4
			COLLATE=utf8mb4_unicode_ci
2026-03-29 14:50:34,947 WARNING database DDL Query made to DB:
create table `tabOAuth Bearer Token` (
			name varchar(140) primary key,
			creation datetime(6),
			modified datetime(6),
			modified_by varchar(140),
			owner varchar(140),
			docstatus int(1) not null default '0',
			idx int(8) not null default '0',
			`client` varchar(140),
`user` varchar(140),
`scopes` text,
`access_token` varchar(140) unique,
`refresh_token` varchar(140),
`expiration_time` datetime(6),
`expires_in` int(11) not null default 0,
`status` varchar(140),
`_user_tags` text,
`_comments` text,
`_assign` text,
`_liked_by` text,
index modified(modified))
			ENGINE=InnoDB
			ROW_FORMAT=DYNAMIC
			CHARACTER SET=utf8mb4
			COLLATE=utf8mb4_unicode_ci
2026-03-29 14:50:35,057 WARNING database DDL Query made to DB:
create table `tabOAuth Authorization Code` (
			name varchar(140) primary key,
			creation datetime(6),
			modified datetime(6),
			modified_by varchar(140),
			owner varchar(140),
			docstatus int(1) not null default '0',
			idx int(8) not null default '0',
			`client` varchar(140),
`user` varchar(140),
`scopes` text,
`authorization_code` varchar(140) unique,
`expiration_time` datetime(6),
`redirect_uri_bound_to_authorization_code` varchar(140),
`validity` varchar(140),
`nonce` varchar(140),
`code_challenge` varchar(140),
`code_challenge_method` varchar(140),
`_user_tags` text,
`_comments` text,
`_assign` text,
`_liked_by` text,
index modified(modified))
			ENGINE=InnoDB
			ROW_FORMAT=DYNAMIC
			CHARACTER SET=utf8mb4
			COLLATE=utf8mb4_unicode_ci
2026-03-29 14:50:35,139 WARNING database DDL Query made to DB:
create table `tabWebhook Data` (
			name varchar(140) primary key,
			creation datetime(6),
			modified datetime(6),
			modified_by varchar(140),
			owner varchar(140),
			docstatus int(1) not null default '0',
			idx int(8) not null default '0',
			`fieldname` varchar(140),
`key` varchar(140),
parent varchar(140),
parentfield varchar(140),
parenttype varchar(140),
index parent(parent))
			ENGINE=InnoDB
			ROW_FORMAT=DYNAMIC
			CHARACTER SET=utf8mb4
			COLLATE=utf8mb4_unicode_ci
2026-03-29 14:50:35,288 WARNING database DDL Query made to DB:
create table `tabOAuth Client Role` (
			name varchar(140) primary key,
			creation datetime(6),
			modified datetime(6),
			modified_by varchar(140),
			owner varchar(140),
			docstatus int(1) not null default '0',
			idx int(8) not null default '0',
			`role` varchar(140),
parent varchar(140),
parentfield varchar(140),
parenttype varchar(140),
index parent(parent))
			ENGINE=InnoDB
			ROW_FORMAT=DYNAMIC
			CHARACTER SET=utf8mb4
			COLLATE=utf8mb4_unicode_ci
2026-03-29 14:50:35,377 WARNING database DDL Query made to DB:
create table `tabIntegration Request` (
			name varchar(140) primary key,
			creation datetime(6),
			modified datetime(6),
			modified_by varchar(140),
			owner varchar(140),
			docstatus int(1) not null default '0',
			idx int(8) not null default '0',
			`request_id` varchar(140),
`integration_request_service` varchar(140),
`is_remote_request` int(1) not null default 0,
`request_description` varchar(140),
`status` varchar(140) default 'Queued',
`url` text,
`request_headers` longtext,
`data` longtext,
`output` longtext,
`error` longtext,
`reference_doctype` varchar(140),
`reference_docname` varchar(140),
`_user_tags` text,
`_comments` text,
`_assign` text,
`_liked_by` text,
index modified(modified))
			ENGINE=InnoDB
			ROW_FORMAT=DYNAMIC
			CHARACTER SET=utf8mb4
			COLLATE=utf8mb4_unicode_ci
2026-03-29 14:50:35,494 WARNING database DDL Query made to DB:
create table `tabGoogle Contacts` (
			name varchar(140) primary key,
			creation datetime(6),
			modified datetime(6),
			modified_by varchar(140),
			owner varchar(140),
			docstatus int(1) not null default '0',
			idx int(8) not null default '0',
			`enable` int(1) not null default 0,
`email_id` varchar(140),
`last_sync_on` datetime(6),
`authorization_code` text,
`refresh_token` text,
`next_sync_token` text,
`pull_from_google_contacts` int(1) not null default 0,
`push_to_google_contacts` int(1) not null default 0,
`_user_tags` text,
`_comments` text,
`_assign` text,
`_liked_by` text,
index modified(modified))
			ENGINE=InnoDB
			ROW_FORMAT=DYNAMIC
			CHARACTER SET=utf8mb4
			COLLATE=utf8mb4_unicode_ci
2026-03-29 14:50:35,636 WARNING database DDL Query made to DB:
create table `tabLDAP Group Mapping` (
			name varchar(140) primary key,
			creation datetime(6),
			modified datetime(6),
			modified_by varchar(140),
			owner varchar(140),
			docstatus int(1) not null default '0',
			idx int(8) not null default '0',
			`ldap_group` varchar(140),
`erpnext_role` varchar(140),
parent varchar(140),
parentfield varchar(140),
parenttype varchar(140),
index parent(parent))
			ENGINE=InnoDB
			ROW_FORMAT=DYNAMIC
			CHARACTER SET=utf8mb4
			COLLATE=utf8mb4_unicode_ci
2026-03-29 14:50:35,720 WARNING database DDL Query made to DB:
create table `tabSlack Webhook URL` (
			name varchar(140) primary key,
			creation datetime(6),
			modified datetime(6),
			modified_by varchar(140),
			owner varchar(140),
			docstatus int(1) not null default '0',
			idx int(8) not null default '0',
			`webhook_name` varchar(140) unique,
`webhook_url` varchar(140),
`show_document_link` int(1) not null default 1,
`_user_tags` text,
`_comments` text,
`_assign` text,
`_liked_by` text,
index modified(modified))
			ENGINE=InnoDB
			ROW_FORMAT=DYNAMIC
			CHARACTER SET=utf8mb4
			COLLATE=utf8mb4_unicode_ci
2026-03-29 14:50:35,816 WARNING database DDL Query made to DB:
create table `tabOAuth Client` (
			name varchar(140) primary key,
			creation datetime(6),
			modified datetime(6),
			modified_by varchar(140),
			owner varchar(140),
			docstatus int(1) not null default '0',
			idx int(8) not null default '0',
			`client_id` varchar(140),
`app_name` varchar(140),
`user` varchar(140),
`client_secret` varchar(140),
`skip_authorization` int(1) not null default 0,
`scopes` text default 'all openid',
`redirect_uris` text,
`default_redirect_uri` varchar(140),
`grant_type` varchar(140),
`response_type` varchar(140) default 'Code',
`_user_tags` text,
`_comments` text,
`_assign` text,
`_liked_by` text,
index modified(modified))
			ENGINE=InnoDB
			ROW_FORMAT=DYNAMIC
			CHARACTER SET=utf8mb4
			COLLATE=utf8mb4_unicode_ci
2026-03-29 14:50:36,171 WARNING database DDL Query made to DB:
create table `tabPrint Format Field Template` (
			name varchar(140) primary key,
			creation datetime(6),
			modified datetime(6),
			modified_by varchar(140),
			owner varchar(140),
			docstatus int(1) not null default '0',
			idx int(8) not null default '0',
			`document_type` varchar(140),
`field` varchar(140),
`template_file` varchar(140),
`module` varchar(140),
`standard` int(1) not null default 0,
`template` longtext,
`_user_tags` text,
`_comments` text,
`_assign` text,
`_liked_by` text,
index modified(modified))
			ENGINE=InnoDB
			ROW_FORMAT=DYNAMIC
			CHARACTER SET=utf8mb4
			COLLATE=utf8mb4_unicode_ci
2026-03-29 14:50:36,292 WARNING database DDL Query made to DB:
create table `tabLetter Head` (
			name varchar(140) primary key,
			creation datetime(6),
			modified datetime(6),
			modified_by varchar(140),
			owner varchar(140),
			docstatus int(1) not null default '0',
			idx int(8) not null default '0',
			`letter_head_name` varchar(140) unique,
`source` varchar(140),
`footer_source` varchar(140) default 'HTML',
`disabled` int(1) not null default 0,
`is_default` int(1) not null default 0,
`image` text,
`image_height` decimal(21,9) not null default 0,
`image_width` decimal(21,9) not null default 0,
`align` varchar(140) default 'Left',
`content` longtext,
`footer` longtext,
`footer_image` text,
`footer_image_height` decimal(21,9) not null default 0,
`footer_image_width` decimal(21,9) not null default 0,
`footer_align` varchar(140),
`header_script` longtext,
`footer_script` longtext,
`_user_tags` text,
`_comments` text,
`_assign` text,
`_liked_by` text,
index `is_default`(`is_default`),
index modified(modified))
			ENGINE=InnoDB
			ROW_FORMAT=DYNAMIC
			CHARACTER SET=utf8mb4
			COLLATE=utf8mb4_unicode_ci
2026-03-29 14:50:36,384 WARNING database DDL Query made to DB:
create table `tabPrint Heading` (
			name varchar(140) primary key,
			creation datetime(6),
			modified datetime(6),
			modified_by varchar(140),
			owner varchar(140),
			docstatus int(1) not null default '0',
			idx int(8) not null default '0',
			`print_heading` varchar(140),
`description` text,
`_user_tags` text,
`_comments` text,
`_assign` text,
`_liked_by` text,
index modified(modified))
			ENGINE=InnoDB
			ROW_FORMAT=DYNAMIC
			CHARACTER SET=utf8mb4
			COLLATE=utf8mb4_unicode_ci
2026-03-29 14:50:36,468 WARNING database DDL Query made to DB:
create table `tabNetwork Printer Settings` (
			name varchar(140) primary key,
			creation datetime(6),
			modified datetime(6),
			modified_by varchar(140),
			owner varchar(140),
			docstatus int(1) not null default '0',
			idx int(8) not null default '0',
			`server_ip` varchar(140) default 'localhost',
`port` int(11) not null default 631,
`printer_name` varchar(140),
`_user_tags` text,
`_comments` text,
`_assign` text,
`_liked_by` text,
index modified(modified))
			ENGINE=InnoDB
			ROW_FORMAT=DYNAMIC
			CHARACTER SET=utf8mb4
			COLLATE=utf8mb4_unicode_ci
2026-03-29 14:50:36,767 WARNING database DDL Query made to DB:
create table `tabAddress` (
			name varchar(140) primary key,
			creation datetime(6),
			modified datetime(6),
			modified_by varchar(140),
			owner varchar(140),
			docstatus int(1) not null default '0',
			idx int(8) not null default '0',
			`address_title` varchar(140),
`address_type` varchar(140),
`address_line1` varchar(240),
`address_line2` varchar(240),
`city` varchar(140),
`county` varchar(140),
`state` varchar(140),
`country` varchar(140),
`pincode` varchar(140),
`email_id` varchar(140),
`phone` varchar(140),
`fax` varchar(140),
`is_primary_address` int(1) not null default 0,
`is_shipping_address` int(1) not null default 0,
`disabled` int(1) not null default 0,
`_user_tags` text,
`_comments` text,
`_assign` text,
`_liked_by` text,
index `city`(`city`),
index `country`(`country`),
index `pincode`(`pincode`),
index modified(modified))
			ENGINE=InnoDB
			ROW_FORMAT=DYNAMIC
			CHARACTER SET=utf8mb4
			COLLATE=utf8mb4_unicode_ci
2026-03-29 14:50:36,989 WARNING database DDL Query made to DB:
create table `tabContact` (
			name varchar(140) primary key,
			creation datetime(6),
			modified datetime(6),
			modified_by varchar(140),
			owner varchar(140),
			docstatus int(1) not null default '0',
			idx int(8) not null default '0',
			`first_name` varchar(140),
`middle_name` varchar(140),
`last_name` varchar(140),
`full_name` varchar(140),
`email_id` varchar(140),
`user` varchar(140),
`address` varchar(140),
`sync_with_google_contacts` int(1) not null default 0,
`status` varchar(140) default 'Passive',
`salutation` varchar(140),
`designation` varchar(140),
`gender` varchar(140),
`phone` varchar(140),
`mobile_no` varchar(140),
`company_name` varchar(140),
`image` text,
`google_contacts` varchar(140),
`google_contacts_id` varchar(140),
`pulled_from_google_contacts` int(1) not null default 0,
`is_primary_contact` int(1) not null default 0,
`department` varchar(140),
`unsubscribed` int(1) not null default 0,
`_user_tags` text,
`_comments` text,
`_assign` text,
`_liked_by` text,
index `email_id`(`email_id`),
index modified(modified))
			ENGINE=InnoDB
			ROW_FORMAT=DYNAMIC
			CHARACTER SET=utf8mb4
			COLLATE=utf8mb4_unicode_ci
2026-03-29 14:50:37,108 WARNING database DDL Query made to DB:
create table `tabAddress Template` (
			name varchar(140) primary key,
			creation datetime(6),
			modified datetime(6),
			modified_by varchar(140),
			owner varchar(140),
			docstatus int(1) not null default '0',
			idx int(8) not null default '0',
			`country` varchar(140) unique,
`is_default` int(1) not null default 0,
`template` longtext,
`_user_tags` text,
`_comments` text,
`_assign` text,
`_liked_by` text,
index modified(modified))
			ENGINE=InnoDB
			ROW_FORMAT=DYNAMIC
			CHARACTER SET=utf8mb4
			COLLATE=utf8mb4_unicode_ci
2026-03-29 14:50:37,210 WARNING database DDL Query made to DB:
create table `tabGender` (
			name varchar(140) primary key,
			creation datetime(6),
			modified datetime(6),
			modified_by varchar(140),
			owner varchar(140),
			docstatus int(1) not null default '0',
			idx int(8) not null default '0',
			`gender` varchar(140) unique,
`_user_tags` text,
`_comments` text,
`_assign` text,
`_liked_by` text,
index modified(modified))
			ENGINE=InnoDB
			ROW_FORMAT=DYNAMIC
			CHARACTER SET=utf8mb4
			COLLATE=utf8mb4_unicode_ci
2026-03-29 14:50:37,312 WARNING database DDL Query made to DB:
create table `tabContact Email` (
			name varchar(140) primary key,
			creation datetime(6),
			modified datetime(6),
			modified_by varchar(140),
			owner varchar(140),
			docstatus int(1) not null default '0',
			idx int(8) not null default '0',
			`email_id` varchar(140),
`is_primary` int(1) not null default 0,
parent varchar(140),
parentfield varchar(140),
parenttype varchar(140),
index parent(parent))
			ENGINE=InnoDB
			ROW_FORMAT=DYNAMIC
			CHARACTER SET=utf8mb4
			COLLATE=utf8mb4_unicode_ci
2026-03-29 14:50:37,411 WARNING database DDL Query made to DB:
create table `tabSalutation` (
			name varchar(140) primary key,
			creation datetime(6),
			modified datetime(6),
			modified_by varchar(140),
			owner varchar(140),
			docstatus int(1) not null default '0',
			idx int(8) not null default '0',
			`salutation` varchar(140) unique,
`_user_tags` text,
`_comments` text,
`_assign` text,
`_liked_by` text,
index modified(modified))
			ENGINE=InnoDB
			ROW_FORMAT=DYNAMIC
			CHARACTER SET=utf8mb4
			COLLATE=utf8mb4_unicode_ci
2026-03-29 14:50:37,500 WARNING database DDL Query made to DB:
create table `tabContact Phone` (
			name varchar(140) primary key,
			creation datetime(6),
			modified datetime(6),
			modified_by varchar(140),
			owner varchar(140),
			docstatus int(1) not null default '0',
			idx int(8) not null default '0',
			`phone` varchar(140),
`is_primary_phone` int(1) not null default 0,
`is_primary_mobile_no` int(1) not null default 0,
parent varchar(140),
parentfield varchar(140),
parenttype varchar(140),
index parent(parent))
			ENGINE=InnoDB
			ROW_FORMAT=DYNAMIC
			CHARACTER SET=utf8mb4
			COLLATE=utf8mb4_unicode_ci
2026-03-29 14:50:37,733 WARNING database DDL Query made to DB:
create table `tabEnergy Point Log` (
			name varchar(140) primary key,
			creation datetime(6),
			modified datetime(6),
			modified_by varchar(140),
			owner varchar(140),
			docstatus int(1) not null default '0',
			idx int(8) not null default '0',
			`user` varchar(140),
`type` varchar(140),
`points` int(11) not null default 0,
`rule` varchar(140),
`reference_doctype` varchar(140),
`reference_name` varchar(140),
`reverted` int(1) not null default 0,
`revert_of` varchar(140),
`reason` text,
`seen` int(1) not null default 0,
`_user_tags` text,
`_comments` text,
`_assign` text,
`_liked_by` text,
index `user`(`user`),
index `reference_name`(`reference_name`),
index modified(modified))
			ENGINE=InnoDB
			ROW_FORMAT=DYNAMIC
			CHARACTER SET=utf8mb4
			COLLATE=utf8mb4_unicode_ci
2026-03-29 14:50:37,844 WARNING database DDL Query made to DB:
create table `tabEnergy Point Rule` (
			name varchar(140) primary key,
			creation datetime(6),
			modified datetime(6),
			modified_by varchar(140),
			owner varchar(140),
			docstatus int(1) not null default '0',
			idx int(8) not null default '0',
			`enabled` int(1) not null default 1,
`rule_name` varchar(140) unique,
`reference_doctype` varchar(140),
`for_doc_event` varchar(140) default 'Custom',
`field_to_check` varchar(140),
`points` int(11) not null default 0,
`for_assigned_users` int(1) not null default 0,
`user_field` varchar(140),
`multiplier_field` varchar(140),
`max_points` int(11) not null default 0,
`apply_only_once` int(1) not null default 0,
`condition` longtext,
`_user_tags` text,
`_comments` text,
`_assign` text,
`_liked_by` text,
index modified(modified))
			ENGINE=InnoDB
			ROW_FORMAT=DYNAMIC
			CHARACTER SET=utf8mb4
			COLLATE=utf8mb4_unicode_ci
2026-03-29 14:50:37,952 WARNING database DDL Query made to DB:
create table `tabReview Level` (
			name varchar(140) primary key,
			creation datetime(6),
			modified datetime(6),
			modified_by varchar(140),
			owner varchar(140),
			docstatus int(1) not null default '0',
			idx int(8) not null default '0',
			`level_name` varchar(140) unique,
`role` varchar(140) unique,
`review_points` int(11) not null default 0,
parent varchar(140),
parentfield varchar(140),
parenttype varchar(140),
index parent(parent))
			ENGINE=InnoDB
			ROW_FORMAT=DYNAMIC
			CHARACTER SET=utf8mb4
			COLLATE=utf8mb4_unicode_ci
2026-03-29 14:50:38,058 WARNING database DDL Query made to DB:
create table `tabReminder` (
			name varchar(140) primary key,
			creation datetime(6),
			modified datetime(6),
			modified_by varchar(140),
			owner varchar(140),
			docstatus int(1) not null default '0',
			idx int(8) not null default '0',
			`user` varchar(140),
`remind_at` datetime(6),
`description` text,
`reminder_doctype` varchar(140),
`reminder_docname` varchar(140),
`notified` int(1) not null default 0,
`_user_tags` text,
`_comments` text,
`_assign` text,
`_liked_by` text,
index `user`(`user`),
index `remind_at`(`remind_at`),
index modified(modified))
			ENGINE=InnoDB
			ROW_FORMAT=DYNAMIC
			CHARACTER SET=utf8mb4
			COLLATE=utf8mb4_unicode_ci
2026-03-29 14:50:38,240 WARNING database DDL Query made to DB:
create table `tabAssignment Rule` (
			name varchar(140) primary key,
			creation datetime(6),
			modified datetime(6),
			modified_by varchar(140),
			owner varchar(140),
			docstatus int(1) not null default '0',
			idx int(8) not null default '0',
			`document_type` varchar(140),
`due_date_based_on` varchar(140),
`priority` int(11) not null default 0,
`disabled` int(1) not null default 0,
`description` text default 'Automatic Assignment',
`assign_condition` longtext,
`unassign_condition` longtext,
`close_condition` longtext,
`rule` varchar(140),
`field` varchar(140),
`last_user` varchar(140),
`_user_tags` text,
`_comments` text,
`_assign` text,
`_liked_by` text,
index modified(modified))
			ENGINE=InnoDB
			ROW_FORMAT=DYNAMIC
			CHARACTER SET=utf8mb4
			COLLATE=utf8mb4_unicode_ci
2026-03-29 14:50:38,322 WARNING database DDL Query made to DB:
create table `tabAssignment Rule Day` (
			name varchar(140) primary key,
			creation datetime(6),
			modified datetime(6),
			modified_by varchar(140),
			owner varchar(140),
			docstatus int(1) not null default '0',
			idx int(8) not null default '0',
			`day` varchar(140),
parent varchar(140),
parentfield varchar(140),
parenttype varchar(140),
index parent(parent))
			ENGINE=InnoDB
			ROW_FORMAT=DYNAMIC
			CHARACTER SET=utf8mb4
			COLLATE=utf8mb4_unicode_ci
2026-03-29 14:50:38,417 WARNING database DDL Query made to DB:
create table `tabAssignment Rule User` (
			name varchar(140) primary key,
			creation datetime(6),
			modified datetime(6),
			modified_by varchar(140),
			owner varchar(140),
			docstatus int(1) not null default '0',
			idx int(8) not null default '0',
			`user` varchar(140),
parent varchar(140),
parentfield varchar(140),
parenttype varchar(140),
index parent(parent))
			ENGINE=InnoDB
			ROW_FORMAT=DYNAMIC
			CHARACTER SET=utf8mb4
			COLLATE=utf8mb4_unicode_ci
2026-03-29 14:50:38,521 WARNING database DDL Query made to DB:
create table `tabMilestone Tracker` (
			name varchar(140) primary key,
			creation datetime(6),
			modified datetime(6),
			modified_by varchar(140),
			owner varchar(140),
			docstatus int(1) not null default '0',
			idx int(8) not null default '0',
			`document_type` varchar(140) unique,
`track_field` varchar(140),
`disabled` int(1) not null default 0,
`_user_tags` text,
`_comments` text,
`_assign` text,
`_liked_by` text,
index modified(modified))
			ENGINE=InnoDB
			ROW_FORMAT=DYNAMIC
			CHARACTER SET=utf8mb4
			COLLATE=utf8mb4_unicode_ci
2026-03-29 14:50:38,604 WARNING database DDL Query made to DB:
create table `tabMilestone` (
			name varchar(140) primary key,
			creation datetime(6),
			modified datetime(6),
			modified_by varchar(140),
			owner varchar(140),
			docstatus int(1) not null default '0',
			idx int(8) not null default '0',
			`reference_type` varchar(140),
`reference_name` varchar(140),
`track_field` varchar(140),
`value` varchar(140),
`milestone_tracker` varchar(140),
`_user_tags` text,
`_comments` text,
`_assign` text,
`_liked_by` text,
index `reference_type`(`reference_type`),
index modified(modified))
			ENGINE=InnoDB
			ROW_FORMAT=DYNAMIC
			CHARACTER SET=utf8mb4
			COLLATE=utf8mb4_unicode_ci
2026-03-29 14:50:38,692 WARNING database DDL Query made to DB:
ALTER TABLE `tabMilestone`
				ADD INDEX IF NOT EXISTS `reference_type_reference_name_index`(reference_type, reference_name)
2026-03-29 14:50:38,772 WARNING database DDL Query made to DB:
create table `tabAuto Repeat Day` (
			name varchar(140) primary key,
			creation datetime(6),
			modified datetime(6),
			modified_by varchar(140),
			owner varchar(140),
			docstatus int(1) not null default '0',
			idx int(8) not null default '0',
			`day` varchar(140),
parent varchar(140),
parentfield varchar(140),
parenttype varchar(140),
index parent(parent))
			ENGINE=InnoDB
			ROW_FORMAT=DYNAMIC
			CHARACTER SET=utf8mb4
			COLLATE=utf8mb4_unicode_ci
2026-03-29 14:50:38,888 WARNING database DDL Query made to DB:
create table `tabAuto Repeat` (
			name varchar(140) primary key,
			creation datetime(6),
			modified datetime(6),
			modified_by varchar(140),
			owner varchar(140),
			docstatus int(1) not null default '0',
			idx int(8) not null default '0',
			`reference_doctype` varchar(140),
`reference_document` varchar(140),
`submit_on_creation` int(1) not null default 0,
`start_date` date,
`end_date` date,
`disabled` int(1) not null default 0,
`frequency` varchar(140),
`repeat_on_day` int(11) not null default 0,
`repeat_on_last_day` int(1) not null default 0,
`next_schedule_date` date,
`notify_by_email` int(1) not null default 0,
`recipients` text,
`template` varchar(140),
`subject` varchar(140),
`message` text default 'Please find attached {{ doc.doctype }} #{{ doc.name }}',
`print_format` varchar(140),
`status` varchar(140),
`_user_tags` text,
`_comments` text,
`_assign` text,
`_liked_by` text,
index `next_schedule_date`(`next_schedule_date`),
index modified(modified))
			ENGINE=InnoDB
			ROW_FORMAT=DYNAMIC
			CHARACTER SET=utf8mb4
			COLLATE=utf8mb4_unicode_ci
2026-03-29 15:15:50,694 WARNING database DDL Query made to DB:
create table `tabCar` (
			name varchar(140) primary key,
			creation datetime(6),
			modified datetime(6),
			modified_by varchar(140),
			owner varchar(140),
			docstatus int(1) not null default '0',
			idx int(8) not null default '0',
			`_user_tags` text,
`_comments` text,
`_assign` text,
`_liked_by` text,
index modified(modified))
			ENGINE=InnoDB
			ROW_FORMAT=DYNAMIC
			CHARACTER SET=utf8mb4
			COLLATE=utf8mb4_unicode_ci
2026-03-29 15:19:09,444 WARNING database DDL Query made to DB:
ALTER TABLE `tabCar` ADD COLUMN `car_name` varchar(140), ADD COLUMN `brand` varchar(140), ADD COLUMN `model` varchar(140), ADD COLUMN `year` int(11) not null default 0, ADD COLUMN `price_per_day` decimal(21,9) not null default 0, ADD COLUMN `available` int(1) not null default 0
2026-03-29 15:29:03,450 WARNING database DDL Query made to DB:
create table `tabCustomer` (
			name varchar(140) primary key,
			creation datetime(6),
			modified datetime(6),
			modified_by varchar(140),
			owner varchar(140),
			docstatus int(1) not null default '0',
			idx int(8) not null default '0',
			`_user_tags` text,
`_comments` text,
`_assign` text,
`_liked_by` text,
index modified(modified))
			ENGINE=InnoDB
			ROW_FORMAT=DYNAMIC
			CHARACTER SET=utf8mb4
			COLLATE=utf8mb4_unicode_ci
2026-03-29 15:32:50,086 WARNING database DDL Query made to DB:
ALTER TABLE `tabCustomer` ADD COLUMN `customer_name` varchar(140), ADD COLUMN `phone` varchar(140), ADD COLUMN `email` varchar(140), ADD COLUMN `address` text
2026-03-29 15:34:40,494 WARNING database DDL Query made to DB:
create table `tabBooking` (
			name varchar(140) primary key,
			creation datetime(6),
			modified datetime(6),
			modified_by varchar(140),
			owner varchar(140),
			docstatus int(1) not null default '0',
			idx int(8) not null default '0',
			`amended_from` varchar(140),
`_user_tags` text,
`_comments` text,
`_assign` text,
`_liked_by` text,
index `amended_from`(`amended_from`),
index modified(modified))
			ENGINE=InnoDB
			ROW_FORMAT=DYNAMIC
			CHARACTER SET=utf8mb4
			COLLATE=utf8mb4_unicode_ci
2026-03-29 16:42:01,250 WARNING database DDL Query made to DB:
ALTER TABLE `tabBooking` ADD COLUMN `customer` varchar(140), ADD COLUMN `car` varchar(140), ADD COLUMN `from_date` date, ADD COLUMN `to_date` date, ADD COLUMN `total_amount` decimal(21,9) not null default 0, ADD COLUMN `status` varchar(140)
2026-03-29 17:00:29,173 WARNING database DDL Query made to DB:
alter table `tabDocType` add column if not exists migration_hash varchar(140)
2026-03-30 09:57:04,283 WARNING database DDL Query made to DB:
ALTER TABLE `tabBooking` MODIFY `total_amount` decimal(21,9) not null default 0
2026-03-30 11:08:50,263 WARNING database DDL Query made to DB:
ALTER TABLE `tabCustomer` ADD UNIQUE INDEX IF NOT EXISTS customer_name (`customer_name`)
2026-03-30 12:52:31,913 WARNING database DDL Query made to DB:
ALTER TABLE `tabCustomer` ADD COLUMN `_seen` text
2026-03-30 14:42:20,709 WARNING database DDL Query made to DB:
ALTER TABLE `tabBooking` ADD COLUMN `calculation_type` varchar(140), ADD COLUMN `distance` decimal(21,9) not null default 0, ADD COLUMN `price_per_km` decimal(21,9) not null default 0
2026-03-30 14:42:20,762 WARNING database DDL Query made to DB:
ALTER TABLE `tabBooking` MODIFY `total_amount` decimal(21,9) not null default 0
2026-03-30 15:35:42,686 WARNING database DDL Query made to DB:
ALTER TABLE `tabBooking` ADD COLUMN `driver_required` varchar(140), ADD COLUMN `driver_charge_per_day` decimal(21,9) not null default 0
2026-03-30 15:35:42,723 WARNING database DDL Query made to DB:
ALTER TABLE `tabBooking` MODIFY `distance` decimal(21,9) not null default 0, MODIFY `price_per_km` decimal(21,9) not null default 0, MODIFY `total_amount` decimal(21,9) not null default 0
2026-03-30 15:36:10,226 WARNING database DDL Query made to DB:
ALTER TABLE `tabBooking` MODIFY `distance` decimal(21,9) not null default 0, MODIFY `price_per_km` decimal(21,9) not null default 0, MODIFY `driver_charge_per_day` decimal(21,9) not null default 0, MODIFY `total_amount` decimal(21,9) not null default 0
2026-03-30 16:26:32,051 WARNING database DDL Query made to DB:
ALTER TABLE `tabCar` MODIFY `price_per_day` decimal(21,9) not null default 0, ADD UNIQUE INDEX IF NOT EXISTS car_name (`car_name`)
2026-03-31 15:11:18,902 WARNING database DDL Query made to DB:
ALTER TABLE `tabBooking` MODIFY `price_per_km` decimal(21,9) not null default 0, MODIFY `total_amount` decimal(21,9) not null default 0, MODIFY `driver_charge_per_day` decimal(21,9) not null default 0, MODIFY `distance` decimal(21,9) not null default 0
2026-03-31 15:12:24,257 WARNING database DDL Query made to DB:
ALTER TABLE `tabBooking` MODIFY `price_per_km` decimal(21,9) not null default 0, MODIFY `driver_charge_per_day` decimal(21,9) not null default 0, MODIFY `distance` decimal(21,9) not null default 0, MODIFY `total_amount` decimal(21,9) not null default 0
2026-03-31 15:13:53,351 WARNING database DDL Query made to DB:
ALTER TABLE `tabBooking` MODIFY `price_per_km` decimal(21,9) not null default 0, MODIFY `total_amount` decimal(21,9) not null default 0, MODIFY `driver_charge_per_day` decimal(21,9) not null default 0, MODIFY `distance` decimal(21,9) not null default 0
2026-03-31 15:15:02,203 WARNING database DDL Query made to DB:
ALTER TABLE `tabBooking` MODIFY `distance` decimal(21,9) not null default 0, MODIFY `total_amount` decimal(21,9) not null default 0, MODIFY `driver_charge_per_day` decimal(21,9) not null default 0, MODIFY `price_per_km` decimal(21,9) not null default 0
2026-03-31 16:02:41,628 WARNING database DDL Query made to DB:
alter table `tabDocType` add column if not exists migration_hash varchar(140)
2026-03-31 16:02:42,695 WARNING database DDL Query made to DB:
ALTER TABLE `tabBooking` MODIFY `price_per_km` decimal(21,9) not null default 0, MODIFY `driver_charge_per_day` decimal(21,9) not null default 0, MODIFY `total_amount` decimal(21,9) not null default 0, MODIFY `distance` decimal(21,9) not null default 0
2026-03-31 16:02:42,979 WARNING database DDL Query made to DB:
ALTER TABLE `tabCar` MODIFY `price_per_day` decimal(21,9) not null default 0
2026-03-31 16:02:43,031 WARNING database DDL Query made to DB:
ALTER TABLE `tabCar` DROP INDEX `car_name`
2026-03-31 16:51:41,738 WARNING database DDL Query made to DB:
alter table `tabDocType` add column if not exists migration_hash varchar(140)
2026-03-31 17:34:34,667 WARNING database DDL Query made to DB:
ALTER TABLE `tabBooking` MODIFY `driver_charge_per_day` decimal(21,9) not null default 0, MODIFY `price_per_km` decimal(21,9) not null default 0, MODIFY `total_amount` decimal(21,9) not null default 0, MODIFY `distance` decimal(21,9) not null default 0
2026-03-31 17:39:55,869 WARNING database DDL Query made to DB:
ALTER TABLE `tabBooking` ADD COLUMN `pickup_location` varchar(140), ADD COLUMN `drop_location` varchar(140)
2026-03-31 17:39:55,917 WARNING database DDL Query made to DB:
ALTER TABLE `tabBooking` MODIFY `total_amount` decimal(21,9) not null default 0, MODIFY `distance` decimal(21,9) not null default 0, MODIFY `price_per_km` decimal(21,9) not null default 0, MODIFY `driver_charge_per_day` decimal(21,9) not null default 0
2026-04-01 10:53:52,796 WARNING database DDL Query made to DB:
ALTER TABLE `tabBooking` ADD COLUMN `mobile_number` varchar(140)
2026-04-01 10:53:52,898 WARNING database DDL Query made to DB:
ALTER TABLE `tabBooking` MODIFY `total_amount` decimal(21,9) not null default 0, MODIFY `price_per_km` decimal(21,9) not null default 0, MODIFY `driver_charge_per_day` decimal(21,9) not null default 0, MODIFY `distance` decimal(21,9) not null default 0
2026-04-01 12:17:47,108 WARNING database DDL Query made to DB:
ALTER TABLE `tabBooking` MODIFY `total_amount` decimal(21,9) not null default 0, MODIFY `distance` decimal(21,9) not null default 0, MODIFY `driver_charge_per_day` decimal(21,9) not null default 0, MODIFY `price_per_km` decimal(21,9) not null default 0
2026-04-01 12:36:10,030 WARNING database DDL Query made to DB:
create table `tabBooking Item` (
			name varchar(140) primary key,
			creation datetime(6),
			modified datetime(6),
			modified_by varchar(140),
			owner varchar(140),
			docstatus int(1) not null default '0',
			idx int(8) not null default '0',
			parent varchar(140),
parentfield varchar(140),
parenttype varchar(140),
index parent(parent))
			ENGINE=InnoDB
			ROW_FORMAT=DYNAMIC
			CHARACTER SET=utf8mb4
			COLLATE=utf8mb4_unicode_ci
2026-04-01 12:39:51,899 WARNING database DDL Query made to DB:
alter table `tabBooking Item` add column if not exists parent varchar(140)
2026-04-01 12:39:51,899 WARNING database DDL Query made to DB:
alter table `tabBooking Item` add column if not exists parenttype varchar(140)
2026-04-01 12:39:51,899 WARNING database DDL Query made to DB:
alter table `tabBooking Item` add column if not exists parentfield varchar(140)
2026-04-01 12:39:52,000 WARNING database DDL Query made to DB:
ALTER TABLE `tabBooking Item` ADD COLUMN `car` varchar(140), ADD COLUMN `price_per_day` decimal(21,9) not null default 0, ADD COLUMN `price_per_km` decimal(21,9) not null default 0, ADD COLUMN `driver_required` varchar(140), ADD COLUMN `driver_charge` decimal(21,9) not null default 0
2026-04-01 12:42:53,287 WARNING database DDL Query made to DB:
ALTER TABLE `tabBooking` MODIFY `total_amount` decimal(21,9) not null default 0, MODIFY `distance` decimal(21,9) not null default 0, MODIFY `driver_charge_per_day` decimal(21,9) not null default 0, MODIFY `price_per_km` decimal(21,9) not null default 0
2026-04-01 12:44:45,634 WARNING database DDL Query made to DB:
ALTER TABLE `tabBooking` MODIFY `driver_charge_per_day` decimal(21,9) not null default 0, MODIFY `total_amount` decimal(21,9) not null default 0, MODIFY `distance` decimal(21,9) not null default 0, MODIFY `price_per_km` decimal(21,9) not null default 0
2026-04-01 14:01:22,848 WARNING database DDL Query made to DB:
ALTER TABLE `tabBooking` MODIFY `driver_charge_per_day` decimal(21,9) not null default 0, MODIFY `price_per_km` decimal(21,9) not null default 0, MODIFY `total_amount` decimal(21,9) not null default 0, MODIFY `distance` decimal(21,9) not null default 0
2026-04-01 14:01:46,154 WARNING database DDL Query made to DB:
ALTER TABLE `tabBooking` MODIFY `distance` decimal(21,9) not null default 0, MODIFY `total_amount` decimal(21,9) not null default 0, MODIFY `driver_charge_per_day` decimal(21,9) not null default 0, MODIFY `price_per_km` decimal(21,9) not null default 0
2026-04-01 15:30:24,206 WARNING database DDL Query made to DB:
ALTER TABLE `tabCar` MODIFY `price_per_day` decimal(21,9) not null default 0, ADD UNIQUE INDEX IF NOT EXISTS car_name (`car_name`)
2026-04-01 16:04:03,980 WARNING database DDL Query made to DB:
ALTER TABLE `tabBooking` MODIFY `total_amount` decimal(21,9) not null default 0, MODIFY `distance` decimal(21,9) not null default 0
2026-04-06 11:28:12,598 WARNING database DDL Query made to DB:
alter table `tabBooking Item` add column if not exists parent varchar(140)
2026-04-06 11:28:12,599 WARNING database DDL Query made to DB:
alter table `tabBooking Item` add column if not exists parenttype varchar(140)
2026-04-06 11:28:12,599 WARNING database DDL Query made to DB:
alter table `tabBooking Item` add column if not exists parentfield varchar(140)
2026-04-06 11:28:12,711 WARNING database DDL Query made to DB:
ALTER TABLE `tabBooking Item` MODIFY `driver_charge` decimal(21,9) not null default 0, MODIFY `price_per_day` decimal(21,9) not null default 0
2026-04-06 11:40:23,395 WARNING database DDL Query made to DB:
alter table `tabBooking Item` add column if not exists parent varchar(140)
2026-04-06 11:40:23,396 WARNING database DDL Query made to DB:
alter table `tabBooking Item` add column if not exists parenttype varchar(140)
2026-04-06 11:40:23,396 WARNING database DDL Query made to DB:
alter table `tabBooking Item` add column if not exists parentfield varchar(140)
2026-04-06 11:40:23,509 WARNING database DDL Query made to DB:
ALTER TABLE `tabBooking Item` MODIFY `driver_charge` decimal(21,9) not null default 0, MODIFY `price_per_day` decimal(21,9) not null default 0, MODIFY `price_per_km` varchar(140)
2026-04-06 12:27:20,198 WARNING database DDL Query made to DB:
ALTER TABLE `tabCar` ADD COLUMN `price_per_km` varchar(140)
2026-04-06 12:27:20,248 WARNING database DDL Query made to DB:
ALTER TABLE `tabCar` MODIFY `price_per_day` decimal(21,9) not null default 0
2026-04-06 15:07:18,270 WARNING database DDL Query made to DB:
ALTER TABLE `tabCar` MODIFY `price_per_day` decimal(21,9) not null default 0
2026-04-06 16:28:27,839 WARNING database DDL Query made to DB:
ALTER TABLE `tabBooking` MODIFY `distance` decimal(21,9) not null default 0, MODIFY `total_amount` decimal(21,9) not null default 0
2026-04-06 16:29:14,116 WARNING database DDL Query made to DB:
ALTER TABLE `tabBooking` MODIFY `distance` decimal(21,9) not null default 0, MODIFY `total_amount` decimal(21,9) not null default 0
2026-04-08 13:03:05,844 WARNING database DDL Query made to DB:
alter table `tabDocType` add column if not exists migration_hash varchar(140)
2026-04-08 13:03:06,439 WARNING database DDL Query made to DB:
ALTER TABLE `tabBooking Item` MODIFY `price_per_day` decimal(21,9) not null default 0, MODIFY `driver_charge` decimal(21,9) not null default 0
2026-04-08 13:03:06,572 WARNING database DDL Query made to DB:
ALTER TABLE `tabBooking` MODIFY `distance` decimal(21,9) not null default 0, MODIFY `total_amount` decimal(21,9) not null default 0
2026-04-08 14:55:15,878 WARNING database DDL Query made to DB:
ALTER TABLE `tabBooking` MODIFY `distance` decimal(21,9) not null default 0, MODIFY `total_amount` decimal(21,9) not null default 0
2026-04-13 18:13:41,325 WARNING database DDL Query made to DB:
ALTER TABLE `tabBooking` ADD COLUMN `email` date
2026-04-13 18:13:41,370 WARNING database DDL Query made to DB:
ALTER TABLE `tabBooking` MODIFY `distance` decimal(21,9) not null default 0, MODIFY `total_amount` decimal(21,9) not null default 0
2026-04-13 18:16:54,632 WARNING database DDL Query made to DB:
ALTER TABLE `tabBooking` MODIFY `total_amount` decimal(21,9) not null default 0, MODIFY `distance` decimal(21,9) not null default 0, MODIFY `email` varchar(140)
2026-04-14 11:01:22,097 WARNING database DDL Query made to DB:
create table `tabFeedback` (
			name varchar(140) primary key,
			creation datetime(6),
			modified datetime(6),
			modified_by varchar(140),
			owner varchar(140),
			docstatus int(1) not null default '0',
			idx int(8) not null default '0',
			`_user_tags` text,
`_comments` text,
`_assign` text,
`_liked_by` text,
index modified(modified))
			ENGINE=InnoDB
			ROW_FORMAT=DYNAMIC
			CHARACTER SET=utf8mb4
			COLLATE=utf8mb4_unicode_ci
2026-04-14 11:09:01,410 WARNING database DDL Query made to DB:
ALTER TABLE `tabFeedback` ADD COLUMN `customer_name` varchar(140), ADD COLUMN `email` varchar(140), ADD COLUMN `rating` varchar(140), ADD COLUMN `review` text, ADD COLUMN `date` date, ADD COLUMN `experience_type` varchar(140)
2026-04-20 15:49:03,021 WARNING database DDL Query made to DB:
ALTER TABLE `tabBooking` ADD COLUMN `months` varchar(140), ADD COLUMN `season` varchar(140)
2026-04-20 15:49:03,069 WARNING database DDL Query made to DB:
ALTER TABLE `tabBooking` MODIFY `total_amount` decimal(21,9) not null default 0, MODIFY `distance` decimal(21,9) not null default 0
2026-04-20 15:51:42,806 WARNING database DDL Query made to DB:
ALTER TABLE `tabBooking` MODIFY `total_amount` decimal(21,9) not null default 0, MODIFY `distance` decimal(21,9) not null default 0
2026-04-20 16:21:39,445 WARNING database DDL Query made to DB:
ALTER TABLE `tabBooking` MODIFY `total_amount` decimal(21,9) not null default 0, MODIFY `distance` decimal(21,9) not null default 0
2026-04-21 12:52:40,495 WARNING database DDL Query made to DB:
ALTER TABLE `tabCar` ADD COLUMN `description` longtext
2026-04-21 12:52:40,548 WARNING database DDL Query made to DB:
ALTER TABLE `tabCar` MODIFY `price_per_day` decimal(21,9) not null default 0
2026-04-21 17:45:39,791 WARNING database DDL Query made to DB:
ALTER TABLE `tabCar` ADD COLUMN `image` text
2026-04-21 17:45:39,841 WARNING database DDL Query made to DB:
ALTER TABLE `tabCar` MODIFY `price_per_day` decimal(21,9) not null default 0
2026-04-29 10:44:42,291 WARNING database DDL Query made to DB:
ALTER TABLE `tabCar` MODIFY `price_per_day` decimal(21,9) not null default 0
2026-05-04 16:06:05,216 WARNING database DDL Query made to DB:
alter table `tabBooking Item` add column if not exists parent varchar(140)
2026-05-04 16:06:05,218 WARNING database DDL Query made to DB:
alter table `tabBooking Item` add column if not exists parenttype varchar(140)
2026-05-04 16:06:05,218 WARNING database DDL Query made to DB:
alter table `tabBooking Item` add column if not exists parentfield varchar(140)
2026-05-04 16:06:05,288 WARNING database DDL Query made to DB:
ALTER TABLE `tabBooking Item` ADD COLUMN `quantity` int(11) not null default 0, ADD COLUMN `calculation_type` varchar(140), ADD COLUMN `number_of_days` int(11) not null default 0, ADD COLUMN `distance_km` decimal(21,9) not null default 0, ADD COLUMN `row_total` decimal(21,9) not null default 0
2026-05-04 16:12:05,918 WARNING database DDL Query made to DB:
alter table `tabDocType` add column if not exists migration_hash varchar(140)
2026-05-04 16:12:06,494 WARNING database DDL Query made to DB:
ALTER TABLE `tabBooking` MODIFY `total_amount` decimal(21,9) not null default 0, MODIFY `distance` decimal(21,9) not null default 0
2026-05-04 16:12:06,639 WARNING database DDL Query made to DB:
ALTER TABLE `tabCar` MODIFY `price_per_day` decimal(21,9) not null default 0
2026-05-04 16:15:50,206 WARNING database DDL Query made to DB:
alter table `tabDocType` add column if not exists migration_hash varchar(140)
2026-05-04 17:48:14,425 WARNING database DDL Query made to DB:
ALTER TABLE `tabBooking` MODIFY `total_amount` decimal(21,9) not null default 0, MODIFY `distance` decimal(21,9) not null default 0
2026-05-04 17:48:54,233 WARNING database DDL Query made to DB:
alter table `tabDocType` add column if not exists migration_hash varchar(140)
2026-05-04 17:48:54,841 WARNING database DDL Query made to DB:
ALTER TABLE `tabBooking` MODIFY `distance` decimal(21,9) not null default 0, MODIFY `total_amount` decimal(21,9) not null default 0
2026-05-05 17:58:53,717 WARNING database DDL Query made to DB:
alter table `tabDocType` add column if not exists migration_hash varchar(140)
2026-05-11 11:34:12,368 WARNING database DDL Query made to DB:
create table `tabContact Details` (
			name varchar(140) primary key,
			creation datetime(6),
			modified datetime(6),
			modified_by varchar(140),
			owner varchar(140),
			docstatus int(1) not null default '0',
			idx int(8) not null default '0',
			`_user_tags` text,
`_comments` text,
`_assign` text,
`_liked_by` text,
index modified(modified))
			ENGINE=InnoDB
			ROW_FORMAT=DYNAMIC
			CHARACTER SET=utf8mb4
			COLLATE=utf8mb4_unicode_ci
2026-05-11 11:37:54,122 WARNING database DDL Query made to DB:
ALTER TABLE `tabContact Details` ADD COLUMN `full_name` varchar(140), ADD COLUMN `email` varchar(140), ADD COLUMN `mobile` varchar(140), ADD COLUMN `subject` varchar(140), ADD COLUMN `message` varchar(140), ADD COLUMN `status` varchar(140)
2026-05-11 11:38:07,466 WARNING database DDL Query made to DB:
alter table `tabDocType` add column if not exists migration_hash varchar(140)
2026-05-11 14:57:41,317 WARNING database DDL Query made to DB:
ALTER TABLE `tabBooking` MODIFY `distance` decimal(21,9) not null default 0, MODIFY `total_amount` decimal(21,9) not null default 0
2026-05-11 14:58:18,930 WARNING database DDL Query made to DB:
ALTER TABLE `tabBooking` MODIFY `distance` decimal(21,9) not null default 0, MODIFY `total_amount` decimal(21,9) not null default 0
2026-05-11 14:58:44,373 WARNING database DDL Query made to DB:
ALTER TABLE `tabBooking` MODIFY `total_amount` decimal(21,9) not null default 0, MODIFY `distance` decimal(21,9) not null default 0
2026-05-11 14:59:08,792 WARNING database DDL Query made to DB:
ALTER TABLE `tabBooking` MODIFY `distance` decimal(21,9) not null default 0, MODIFY `total_amount` decimal(21,9) not null default 0
2026-05-11 14:59:57,014 WARNING database DDL Query made to DB:
ALTER TABLE `tabBooking` MODIFY `total_amount` decimal(21,9) not null default 0, MODIFY `distance` decimal(21,9) not null default 0
2026-05-13 13:10:06,472 WARNING database DDL Query made to DB:
alter table `tabDocType` add column if not exists migration_hash varchar(140)
2026-05-13 13:10:07,320 WARNING database DDL Query made to DB:
ALTER TABLE `tabBooking` MODIFY `total_amount` decimal(21,9) not null default 0, MODIFY `distance` decimal(21,9) not null default 0
