2026-04-13 12:31:47,018 ERROR scheduler Skipped queueing frappe.utils.telemetry.pulse.client.send_queued_events because it was found in queue for car.local
2026-04-13 12:31:47,024 ERROR scheduler Skipped queueing frappe.utils.global_search.sync_global_search because it was found in queue for car.local
2026-04-13 12:31:47,030 ERROR scheduler Skipped queueing frappe.deferred_insert.save_to_db because it was found in queue for car.local
2026-04-13 12:31:47,033 ERROR scheduler Skipped queueing frappe.automation.doctype.reminder.reminder.send_reminders because it was found in queue for car.local
2026-04-13 12:31:47,040 ERROR scheduler Skipped queueing frappe.model.utils.link_count.update_link_count because it was found in queue for car.local
2026-04-13 12:31:47,053 ERROR scheduler Skipped queueing frappe.search.sqlite_search.build_index_if_not_exists because it was found in queue for car.local
2026-04-13 12:32:47,207 ERROR scheduler Skipped queueing frappe.automation.doctype.reminder.reminder.send_reminders because it was found in queue for car.local
2026-04-13 12:32:47,219 ERROR scheduler Skipped queueing frappe.utils.telemetry.pulse.client.send_queued_events because it was found in queue for car.local
2026-04-13 12:32:47,221 ERROR scheduler Skipped queueing frappe.model.utils.link_count.update_link_count because it was found in queue for car.local
2026-04-13 12:32:47,225 ERROR scheduler Skipped queueing frappe.deferred_insert.save_to_db because it was found in queue for car.local
2026-04-13 12:32:47,271 ERROR scheduler Skipped queueing frappe.utils.global_search.sync_global_search because it was found in queue for car.local
2026-04-13 12:32:47,275 ERROR scheduler Skipped queueing frappe.search.sqlite_search.build_index_if_not_exists because it was found in queue for car.local
2026-04-13 12:33:47,344 ERROR scheduler Skipped queueing frappe.email.queue.retry_sending_emails because it was found in queue for car.local
2026-04-13 12:33:47,346 ERROR scheduler Skipped queueing frappe.utils.telemetry.pulse.client.send_queued_events because it was found in queue for car.local
2026-04-13 12:33:47,351 ERROR scheduler Skipped queueing frappe.automation.doctype.reminder.reminder.send_reminders because it was found in queue for car.local
2026-04-13 12:33:47,355 ERROR scheduler Skipped queueing frappe.utils.global_search.sync_global_search because it was found in queue for car.local
2026-04-13 12:33:47,360 ERROR scheduler Skipped queueing frappe.deferred_insert.save_to_db because it was found in queue for car.local
2026-04-13 12:33:47,364 ERROR scheduler Skipped queueing frappe.search.sqlite_search.build_index_if_not_exists because it was found in queue for car.local
2026-04-13 12:33:47,368 ERROR scheduler Skipped queueing frappe.monitor.flush because it was found in queue for car.local
2026-04-13 12:33:47,371 ERROR scheduler Skipped queueing frappe.model.utils.link_count.update_link_count because it was found in queue for car.local
2026-04-13 12:33:47,378 ERROR scheduler Skipped queueing frappe.integrations.doctype.google_calendar.google_calendar.sync because it was found in queue for car.local
2026-04-13 12:33:47,382 ERROR scheduler Skipped queueing frappe.email.queue.flush because it was found in queue for car.local
2026-04-13 12:34:47,522 ERROR scheduler Skipped queueing frappe.email.queue.flush because it was found in queue for car.local
2026-04-13 12:34:47,524 ERROR scheduler Skipped queueing frappe.model.utils.link_count.update_link_count because it was found in queue for car.local
2026-04-13 12:34:47,528 ERROR scheduler Skipped queueing frappe.utils.global_search.sync_global_search because it was found in queue for car.local
2026-04-13 12:34:47,539 ERROR scheduler Skipped queueing frappe.integrations.doctype.google_calendar.google_calendar.sync because it was found in queue for car.local
2026-04-13 12:34:47,541 ERROR scheduler Skipped queueing frappe.monitor.flush because it was found in queue for car.local
2026-04-13 12:34:47,545 ERROR scheduler Skipped queueing frappe.search.sqlite_search.build_index_if_not_exists because it was found in queue for car.local
2026-04-13 12:34:47,551 ERROR scheduler Skipped queueing frappe.automation.doctype.reminder.reminder.send_reminders because it was found in queue for car.local
2026-04-13 12:34:47,553 ERROR scheduler Skipped queueing frappe.utils.telemetry.pulse.client.send_queued_events because it was found in queue for car.local
2026-04-13 12:34:47,557 ERROR scheduler Skipped queueing frappe.email.queue.retry_sending_emails because it was found in queue for car.local
2026-04-13 12:34:47,566 ERROR scheduler Skipped queueing frappe.deferred_insert.save_to_db because it was found in queue for car.local
2026-04-13 17:06:30,852 ERROR scheduler Skipped queueing frappe.email.queue.flush because it was found in queue for car.local
2026-04-13 17:06:30,854 ERROR scheduler Skipped queueing frappe.desk.form.document_follow.send_hourly_updates because it was found in queue for car.local
2026-04-13 17:06:30,855 ERROR scheduler Skipped queueing frappe.utils.global_search.sync_global_search because it was found in queue for car.local
2026-04-13 17:06:30,856 ERROR scheduler Skipped queueing frappe.desk.page.backups.backups.delete_downloadable_backups because it was found in queue for car.local
2026-04-13 17:06:30,857 ERROR scheduler Skipped queueing frappe.utils.telemetry.pulse.client.send_queued_events because it was found in queue for car.local
2026-04-13 17:06:30,860 ERROR scheduler Skipped queueing frappe.search.sqlite_search.build_index_if_not_exists because it was found in queue for car.local
2026-04-13 17:06:30,867 ERROR scheduler Skipped queueing frappe.deferred_insert.save_to_db because it was found in queue for car.local
2026-04-13 17:06:30,869 ERROR scheduler Skipped queueing frappe.twofactor.delete_all_barcodes_for_users because it was found in queue for car.local
2026-04-13 17:06:30,872 ERROR scheduler Skipped queueing frappe.integrations.doctype.google_calendar.google_calendar.sync because it was found in queue for car.local
2026-04-13 17:06:30,878 ERROR scheduler Skipped queueing frappe.oauth.delete_oauth2_data because it was found in queue for car.local
2026-04-13 17:06:30,884 ERROR scheduler Skipped queueing frappe.desk.utils.delete_old_exported_report_files because it was found in queue for car.local
2026-04-13 17:06:30,886 ERROR scheduler Skipped queueing frappe.website.doctype.personal_data_deletion_request.personal_data_deletion_request.process_data_deletion_request because it was found in queue for car.local
2026-04-13 17:06:30,888 ERROR scheduler Skipped queueing frappe.website.doctype.web_page.web_page.check_publish_status because it was found in queue for car.local
2026-04-13 17:06:30,890 ERROR scheduler Skipped queueing frappe.core.doctype.prepared_report.prepared_report.expire_stalled_report because it was found in queue for car.local
2026-04-13 17:06:30,898 ERROR scheduler Skipped queueing frappe.email.queue.retry_sending_emails because it was found in queue for car.local
2026-04-13 17:06:30,900 ERROR scheduler Skipped queueing frappe.automation.doctype.reminder.reminder.send_reminders because it was found in queue for car.local
2026-05-05 11:37:54,391 ERROR scheduler Skipped queueing frappe.search.sqlite_search.build_index_if_not_exists because it was found in queue for car.local
2026-05-05 11:37:54,398 ERROR scheduler Skipped queueing frappe.email.queue.retry_sending_emails because it was found in queue for car.local
2026-05-05 11:37:54,400 ERROR scheduler Skipped queueing frappe.automation.doctype.reminder.reminder.send_reminders because it was found in queue for car.local
2026-05-05 11:37:54,403 ERROR scheduler Skipped queueing frappe.email.queue.flush because it was found in queue for car.local
2026-05-05 11:37:54,431 ERROR scheduler Skipped queueing frappe.utils.global_search.sync_global_search because it was found in queue for car.local
2026-05-05 15:31:39,584 ERROR scheduler Skipped queueing frappe.automation.doctype.reminder.reminder.send_reminders because it was found in queue for car.local
2026-05-05 15:31:39,604 ERROR scheduler Skipped queueing frappe.utils.global_search.sync_global_search because it was found in queue for car.local
2026-05-05 15:32:39,736 ERROR scheduler Skipped queueing frappe.utils.global_search.sync_global_search because it was found in queue for car.local
2026-05-05 15:32:39,751 ERROR scheduler Skipped queueing frappe.automation.doctype.reminder.reminder.send_reminders because it was found in queue for car.local
2026-05-05 15:33:39,820 ERROR scheduler Skipped queueing frappe.automation.doctype.reminder.reminder.send_reminders because it was found in queue for car.local
2026-05-05 15:33:39,826 ERROR scheduler Skipped queueing frappe.utils.global_search.sync_global_search because it was found in queue for car.local
2026-05-05 15:33:39,836 ERROR scheduler Skipped queueing frappe.monitor.flush because it was found in queue for car.local
2026-05-05 15:33:39,843 ERROR scheduler Skipped queueing frappe.email.queue.retry_sending_emails because it was found in queue for car.local
2026-05-05 15:33:39,857 ERROR scheduler Skipped queueing frappe.email.queue.flush because it was found in queue for car.local
2026-05-05 15:33:39,862 ERROR scheduler Skipped queueing frappe.integrations.doctype.google_calendar.google_calendar.sync because it was found in queue for car.local
2026-05-05 15:34:39,906 ERROR scheduler Skipped queueing frappe.utils.global_search.sync_global_search because it was found in queue for car.local
2026-05-05 15:34:39,911 ERROR scheduler Skipped queueing frappe.automation.doctype.reminder.reminder.send_reminders because it was found in queue for car.local
2026-05-05 15:34:39,918 ERROR scheduler Skipped queueing frappe.monitor.flush because it was found in queue for car.local
2026-05-05 15:34:39,927 ERROR scheduler Skipped queueing frappe.email.queue.retry_sending_emails because it was found in queue for car.local
2026-05-05 15:34:39,930 ERROR scheduler Skipped queueing frappe.email.queue.flush because it was found in queue for car.local
2026-05-05 15:34:39,934 ERROR scheduler Skipped queueing frappe.integrations.doctype.google_calendar.google_calendar.sync because it was found in queue for car.local
2026-05-05 15:35:39,985 ERROR scheduler Skipped queueing frappe.monitor.flush because it was found in queue for car.local
2026-05-05 15:35:39,987 ERROR scheduler Skipped queueing frappe.automation.doctype.reminder.reminder.send_reminders because it was found in queue for car.local
2026-05-05 15:35:39,991 ERROR scheduler Skipped queueing frappe.integrations.doctype.google_calendar.google_calendar.sync because it was found in queue for car.local
2026-05-05 15:35:39,999 ERROR scheduler Skipped queueing frappe.email.queue.flush because it was found in queue for car.local
2026-05-05 15:35:40,001 ERROR scheduler Skipped queueing frappe.utils.global_search.sync_global_search because it was found in queue for car.local
2026-05-05 15:35:40,021 ERROR scheduler Skipped queueing frappe.email.queue.retry_sending_emails because it was found in queue for car.local
2026-05-05 16:01:43,257 ERROR scheduler Skipped queueing frappe.desk.page.backups.backups.delete_downloadable_backups because it was found in queue for car.local
2026-05-05 16:01:43,260 ERROR scheduler Skipped queueing frappe.deferred_insert.save_to_db because it was found in queue for car.local
2026-05-05 16:01:43,264 ERROR scheduler Skipped queueing frappe.core.doctype.prepared_report.prepared_report.expire_stalled_report because it was found in queue for car.local
2026-05-05 16:01:43,266 ERROR scheduler Skipped queueing frappe.website.doctype.web_page.web_page.check_publish_status because it was found in queue for car.local
2026-05-05 16:01:43,271 ERROR scheduler Skipped queueing frappe.model.utils.user_settings.sync_user_settings because it was found in queue for car.local
2026-05-05 16:01:43,281 ERROR scheduler Skipped queueing frappe.twofactor.delete_all_barcodes_for_users because it was found in queue for car.local
2026-05-05 16:01:43,288 ERROR scheduler Skipped queueing frappe.desk.form.document_follow.send_hourly_updates because it was found in queue for car.local
2026-05-05 16:01:43,288 ERROR scheduler Skipped queueing frappe.oauth.delete_oauth2_data because it was found in queue for car.local
2026-05-05 16:01:43,292 ERROR scheduler Skipped queueing frappe.desk.utils.delete_old_exported_report_files because it was found in queue for car.local
2026-05-05 16:02:43,375 ERROR scheduler Skipped queueing frappe.desk.page.backups.backups.delete_downloadable_backups because it was found in queue for car.local
2026-05-05 16:02:43,379 ERROR scheduler Skipped queueing frappe.desk.utils.delete_old_exported_report_files because it was found in queue for car.local
2026-05-05 16:02:43,382 ERROR scheduler Skipped queueing frappe.desk.form.document_follow.send_hourly_updates because it was found in queue for car.local
2026-05-05 16:02:43,384 ERROR scheduler Skipped queueing frappe.twofactor.delete_all_barcodes_for_users because it was found in queue for car.local
2026-05-05 16:02:43,388 ERROR scheduler Skipped queueing frappe.deferred_insert.save_to_db because it was found in queue for car.local
2026-05-05 16:02:43,389 ERROR scheduler Skipped queueing frappe.core.doctype.prepared_report.prepared_report.expire_stalled_report because it was found in queue for car.local
2026-05-05 16:02:43,392 ERROR scheduler Skipped queueing frappe.model.utils.user_settings.sync_user_settings because it was found in queue for car.local
2026-05-05 16:02:43,392 ERROR scheduler Skipped queueing frappe.website.doctype.web_page.web_page.check_publish_status because it was found in queue for car.local
2026-05-05 16:02:43,406 ERROR scheduler Skipped queueing frappe.oauth.delete_oauth2_data because it was found in queue for car.local
2026-05-05 16:41:48,740 ERROR scheduler Skipped queueing frappe.monitor.flush because it was found in queue for car.local
2026-05-05 16:41:48,751 ERROR scheduler Skipped queueing frappe.email.queue.flush because it was found in queue for car.local
2026-05-05 16:41:48,761 ERROR scheduler Skipped queueing frappe.integrations.doctype.google_calendar.google_calendar.sync because it was found in queue for car.local
2026-05-05 16:42:48,913 ERROR scheduler Skipped queueing frappe.email.queue.flush because it was found in queue for car.local
2026-05-05 16:42:48,923 ERROR scheduler Skipped queueing frappe.monitor.flush because it was found in queue for car.local
2026-05-05 16:42:48,926 ERROR scheduler Skipped queueing frappe.integrations.doctype.google_calendar.google_calendar.sync because it was found in queue for car.local
2026-05-05 16:43:48,988 ERROR scheduler Skipped queueing frappe.integrations.doctype.google_calendar.google_calendar.sync because it was found in queue for car.local
2026-05-05 16:43:49,002 ERROR scheduler Skipped queueing frappe.email.queue.flush because it was found in queue for car.local
2026-05-05 16:43:49,005 ERROR scheduler Skipped queueing frappe.monitor.flush because it was found in queue for car.local
2026-05-05 16:44:49,069 ERROR scheduler Skipped queueing frappe.monitor.flush because it was found in queue for car.local
2026-05-05 16:44:49,080 ERROR scheduler Skipped queueing frappe.email.queue.flush because it was found in queue for car.local
2026-05-05 16:44:49,114 ERROR scheduler Skipped queueing frappe.integrations.doctype.google_calendar.google_calendar.sync because it was found in queue for car.local
2026-05-05 16:45:49,245 ERROR scheduler Skipped queueing frappe.integrations.doctype.google_calendar.google_calendar.sync because it was found in queue for car.local
2026-05-05 16:45:49,263 ERROR scheduler Skipped queueing frappe.monitor.flush because it was found in queue for car.local
2026-05-05 16:45:49,270 ERROR scheduler Skipped queueing frappe.email.queue.flush because it was found in queue for car.local
2026-05-05 16:45:49,272 ERROR scheduler Skipped queueing frappe.email.queue.retry_sending_emails because it was found in queue for car.local
2026-05-05 17:21:54,737 ERROR scheduler Skipped queueing frappe.email.queue.flush because it was found in queue for car.local
2026-05-05 17:22:54,894 ERROR scheduler Skipped queueing frappe.email.queue.flush because it was found in queue for car.local
2026-05-05 17:23:55,031 ERROR scheduler Skipped queueing frappe.email.queue.flush because it was found in queue for car.local
2026-05-05 17:24:55,175 ERROR scheduler Skipped queueing frappe.email.queue.flush because it was found in queue for car.local
2026-05-05 17:25:55,323 ERROR scheduler Skipped queueing frappe.integrations.doctype.google_calendar.google_calendar.sync because it was found in queue for car.local
2026-05-05 17:25:55,325 ERROR scheduler Skipped queueing frappe.email.queue.retry_sending_emails because it was found in queue for car.local
2026-05-05 17:25:55,336 ERROR scheduler Skipped queueing frappe.monitor.flush because it was found in queue for car.local
2026-05-05 17:25:55,341 ERROR scheduler Skipped queueing frappe.email.queue.flush because it was found in queue for car.local
2026-05-05 17:31:56,132 ERROR scheduler Skipped queueing frappe.email.doctype.email_account.email_account.notify_unreplied because it was found in queue for car.local
2026-05-05 17:31:56,140 ERROR scheduler Skipped queueing frappe.deferred_insert.save_to_db because it was found in queue for car.local
2026-05-05 17:31:56,150 ERROR scheduler Skipped queueing frappe.utils.global_search.sync_global_search because it was found in queue for car.local
2026-05-05 18:13:01,946 ERROR scheduler Skipped queueing frappe.monitor.flush because it was found in queue for car.local
2026-05-05 18:13:01,948 ERROR scheduler Skipped queueing frappe.email.queue.retry_sending_emails because it was found in queue for car.local
2026-05-05 18:13:01,950 ERROR scheduler Skipped queueing frappe.email.queue.flush because it was found in queue for car.local
2026-05-05 18:13:01,954 ERROR scheduler Skipped queueing frappe.integrations.doctype.google_calendar.google_calendar.sync because it was found in queue for car.local
2026-05-06 11:13:20,035 ERROR scheduler Skipped queueing frappe.email.queue.flush because it was found in queue for car.local
2026-05-06 11:13:20,040 ERROR scheduler Skipped queueing frappe.email.queue.retry_sending_emails because it was found in queue for car.local
2026-05-06 11:13:20,048 ERROR scheduler Skipped queueing frappe.integrations.doctype.google_calendar.google_calendar.sync because it was found in queue for car.local
2026-05-06 11:13:20,058 ERROR scheduler Skipped queueing frappe.monitor.flush because it was found in queue for car.local
2026-05-06 11:14:20,172 ERROR scheduler Skipped queueing frappe.integrations.doctype.google_calendar.google_calendar.sync because it was found in queue for car.local
2026-05-06 11:14:20,193 ERROR scheduler Skipped queueing frappe.email.queue.flush because it was found in queue for car.local
2026-05-06 11:14:20,197 ERROR scheduler Skipped queueing frappe.email.queue.retry_sending_emails because it was found in queue for car.local
2026-05-06 11:14:20,205 ERROR scheduler Skipped queueing frappe.monitor.flush because it was found in queue for car.local
2026-05-06 11:15:20,310 ERROR scheduler Skipped queueing frappe.email.queue.flush because it was found in queue for car.local
2026-05-06 11:15:20,317 ERROR scheduler Skipped queueing frappe.monitor.flush because it was found in queue for car.local
2026-05-06 11:15:20,321 ERROR scheduler Skipped queueing frappe.email.queue.retry_sending_emails because it was found in queue for car.local
2026-05-06 11:21:21,110 ERROR scheduler Skipped queueing frappe.integrations.doctype.google_calendar.google_calendar.sync because it was found in queue for car.local
2026-05-06 11:21:21,124 ERROR scheduler Skipped queueing frappe.monitor.flush because it was found in queue for car.local
2026-05-06 11:21:21,130 ERROR scheduler Skipped queueing frappe.email.queue.flush because it was found in queue for car.local
2026-05-06 11:21:21,135 ERROR scheduler Skipped queueing frappe.email.queue.retry_sending_emails because it was found in queue for car.local
2026-05-06 11:22:21,267 ERROR scheduler Skipped queueing frappe.monitor.flush because it was found in queue for car.local
2026-05-06 11:22:21,268 ERROR scheduler Skipped queueing frappe.integrations.doctype.google_calendar.google_calendar.sync because it was found in queue for car.local
2026-05-06 11:22:21,290 ERROR scheduler Skipped queueing frappe.email.queue.flush because it was found in queue for car.local
2026-05-06 11:22:21,294 ERROR scheduler Skipped queueing frappe.email.queue.retry_sending_emails because it was found in queue for car.local
2026-05-06 11:23:21,384 ERROR scheduler Skipped queueing frappe.monitor.flush because it was found in queue for car.local
2026-05-06 11:23:21,391 ERROR scheduler Skipped queueing frappe.email.queue.flush because it was found in queue for car.local
2026-05-06 11:23:21,400 ERROR scheduler Skipped queueing frappe.email.queue.retry_sending_emails because it was found in queue for car.local
2026-05-06 11:23:21,404 ERROR scheduler Skipped queueing frappe.integrations.doctype.google_calendar.google_calendar.sync because it was found in queue for car.local
2026-05-06 11:24:21,529 ERROR scheduler Skipped queueing frappe.email.queue.retry_sending_emails because it was found in queue for car.local
2026-05-06 11:24:21,535 ERROR scheduler Skipped queueing frappe.email.queue.flush because it was found in queue for car.local
2026-05-06 11:24:21,547 ERROR scheduler Skipped queueing frappe.monitor.flush because it was found in queue for car.local
2026-05-06 11:24:21,552 ERROR scheduler Skipped queueing frappe.integrations.doctype.google_calendar.google_calendar.sync because it was found in queue for car.local
2026-05-06 11:25:21,667 ERROR scheduler Skipped queueing frappe.monitor.flush because it was found in queue for car.local
2026-05-06 11:25:21,669 ERROR scheduler Skipped queueing frappe.email.queue.retry_sending_emails because it was found in queue for car.local
2026-05-06 11:25:21,689 ERROR scheduler Skipped queueing frappe.integrations.doctype.google_calendar.google_calendar.sync because it was found in queue for car.local
2026-05-06 17:21:16,456 ERROR scheduler Skipped queueing frappe.integrations.doctype.google_calendar.google_calendar.sync because it was found in queue for car.local
2026-05-06 17:21:16,470 ERROR scheduler Skipped queueing frappe.email.queue.retry_sending_emails because it was found in queue for car.local
2026-05-06 17:22:16,585 ERROR scheduler Skipped queueing frappe.email.queue.retry_sending_emails because it was found in queue for car.local
2026-05-06 17:22:16,593 ERROR scheduler Skipped queueing frappe.integrations.doctype.google_calendar.google_calendar.sync because it was found in queue for car.local
2026-05-06 17:23:16,730 ERROR scheduler Skipped queueing frappe.email.queue.retry_sending_emails because it was found in queue for car.local
2026-05-06 17:23:16,733 ERROR scheduler Skipped queueing frappe.integrations.doctype.google_calendar.google_calendar.sync because it was found in queue for car.local
2026-05-06 17:24:16,790 ERROR scheduler Skipped queueing frappe.email.queue.retry_sending_emails because it was found in queue for car.local
2026-05-06 17:24:16,807 ERROR scheduler Skipped queueing frappe.integrations.doctype.google_calendar.google_calendar.sync because it was found in queue for car.local
2026-05-06 17:25:16,928 ERROR scheduler Skipped queueing frappe.monitor.flush because it was found in queue for car.local
2026-05-06 17:25:16,939 ERROR scheduler Skipped queueing frappe.email.queue.flush because it was found in queue for car.local
2026-05-06 17:25:16,946 ERROR scheduler Skipped queueing frappe.integrations.doctype.google_calendar.google_calendar.sync because it was found in queue for car.local
2026-05-06 17:25:16,951 ERROR scheduler Skipped queueing frappe.email.queue.retry_sending_emails because it was found in queue for car.local
2026-05-06 17:41:35,639 ERROR scheduler Skipped queueing frappe.monitor.flush because it was found in queue for car.local
2026-05-06 17:41:35,653 ERROR scheduler Skipped queueing frappe.email.queue.flush because it was found in queue for car.local
2026-05-06 17:42:35,787 ERROR scheduler Skipped queueing frappe.monitor.flush because it was found in queue for car.local
2026-05-06 17:42:35,799 ERROR scheduler Skipped queueing frappe.email.queue.flush because it was found in queue for car.local
2026-05-06 17:43:35,912 ERROR scheduler Skipped queueing frappe.email.queue.flush because it was found in queue for car.local
2026-05-06 17:43:35,915 ERROR scheduler Skipped queueing frappe.monitor.flush because it was found in queue for car.local
2026-05-06 17:44:36,009 ERROR scheduler Skipped queueing frappe.monitor.flush because it was found in queue for car.local
2026-05-06 17:44:36,021 ERROR scheduler Skipped queueing frappe.email.queue.flush because it was found in queue for car.local
2026-05-06 17:45:36,142 ERROR scheduler Skipped queueing frappe.email.queue.flush because it was found in queue for car.local
2026-05-06 17:45:36,145 ERROR scheduler Skipped queueing frappe.monitor.flush because it was found in queue for car.local
2026-05-06 17:45:36,146 ERROR scheduler Skipped queueing frappe.email.queue.retry_sending_emails because it was found in queue for car.local
2026-05-06 17:45:36,152 ERROR scheduler Skipped queueing frappe.integrations.doctype.google_calendar.google_calendar.sync because it was found in queue for car.local
2026-05-07 11:21:22,011 ERROR scheduler Skipped queueing frappe.email.queue.flush because it was found in queue for car.local
2026-05-07 11:21:22,046 ERROR scheduler Skipped queueing frappe.email.queue.retry_sending_emails because it was found in queue for car.local
2026-05-07 11:22:22,185 ERROR scheduler Skipped queueing frappe.email.queue.retry_sending_emails because it was found in queue for car.local
2026-05-07 11:22:22,218 ERROR scheduler Skipped queueing frappe.email.queue.flush because it was found in queue for car.local
2026-05-07 11:23:22,329 ERROR scheduler Skipped queueing frappe.email.queue.retry_sending_emails because it was found in queue for car.local
2026-05-07 11:23:22,331 ERROR scheduler Skipped queueing frappe.email.queue.flush because it was found in queue for car.local
2026-05-07 11:24:22,463 ERROR scheduler Skipped queueing frappe.email.queue.flush because it was found in queue for car.local
2026-05-07 11:24:22,497 ERROR scheduler Skipped queueing frappe.email.queue.retry_sending_emails because it was found in queue for car.local
2026-05-07 11:25:22,628 ERROR scheduler Skipped queueing frappe.email.queue.flush because it was found in queue for car.local
2026-05-07 11:25:22,633 ERROR scheduler Skipped queueing frappe.monitor.flush because it was found in queue for car.local
2026-05-07 11:25:22,638 ERROR scheduler Skipped queueing frappe.email.queue.retry_sending_emails because it was found in queue for car.local
2026-05-07 11:25:22,655 ERROR scheduler Skipped queueing frappe.integrations.doctype.google_calendar.google_calendar.sync because it was found in queue for car.local
2026-05-07 11:41:24,662 ERROR scheduler Skipped queueing frappe.email.queue.flush because it was found in queue for car.local
2026-05-07 11:41:24,666 ERROR scheduler Skipped queueing frappe.email.queue.retry_sending_emails because it was found in queue for car.local
2026-05-07 11:41:24,671 ERROR scheduler Skipped queueing frappe.monitor.flush because it was found in queue for car.local
2026-05-07 11:42:24,721 ERROR scheduler Skipped queueing frappe.email.queue.retry_sending_emails because it was found in queue for car.local
2026-05-07 11:42:24,746 ERROR scheduler Skipped queueing frappe.email.queue.flush because it was found in queue for car.local
2026-05-07 11:42:24,755 ERROR scheduler Skipped queueing frappe.monitor.flush because it was found in queue for car.local
2026-05-07 11:43:24,901 ERROR scheduler Skipped queueing frappe.monitor.flush because it was found in queue for car.local
2026-05-07 11:43:24,915 ERROR scheduler Skipped queueing frappe.email.queue.retry_sending_emails because it was found in queue for car.local
2026-05-07 11:43:24,923 ERROR scheduler Skipped queueing frappe.email.queue.flush because it was found in queue for car.local
2026-05-07 11:44:25,062 ERROR scheduler Skipped queueing frappe.email.queue.retry_sending_emails because it was found in queue for car.local
2026-05-07 11:44:25,073 ERROR scheduler Skipped queueing frappe.monitor.flush because it was found in queue for car.local
2026-05-07 11:44:25,077 ERROR scheduler Skipped queueing frappe.email.queue.flush because it was found in queue for car.local
2026-05-07 11:45:25,179 ERROR scheduler Skipped queueing frappe.email.queue.retry_sending_emails because it was found in queue for car.local
2026-05-07 11:45:25,182 ERROR scheduler Skipped queueing frappe.email.queue.flush because it was found in queue for car.local
2026-05-07 11:45:25,206 ERROR scheduler Skipped queueing frappe.monitor.flush because it was found in queue for car.local
2026-05-07 11:45:25,208 ERROR scheduler Skipped queueing frappe.integrations.doctype.google_calendar.google_calendar.sync because it was found in queue for car.local
2026-05-07 12:21:30,381 ERROR scheduler Skipped queueing frappe.email.queue.flush because it was found in queue for car.local
2026-05-07 12:21:30,410 ERROR scheduler Skipped queueing frappe.integrations.doctype.google_calendar.google_calendar.sync because it was found in queue for car.local
2026-05-07 12:21:30,415 ERROR scheduler Skipped queueing frappe.email.queue.retry_sending_emails because it was found in queue for car.local
2026-05-07 12:21:30,426 ERROR scheduler Skipped queueing frappe.monitor.flush because it was found in queue for car.local
2026-05-07 12:22:30,457 ERROR scheduler Skipped queueing frappe.email.queue.flush because it was found in queue for car.local
2026-05-07 12:22:30,461 ERROR scheduler Skipped queueing frappe.monitor.flush because it was found in queue for car.local
2026-05-07 12:22:30,479 ERROR scheduler Skipped queueing frappe.email.queue.retry_sending_emails because it was found in queue for car.local
2026-05-07 12:22:30,506 ERROR scheduler Skipped queueing frappe.integrations.doctype.google_calendar.google_calendar.sync because it was found in queue for car.local
2026-05-07 12:23:30,632 ERROR scheduler Skipped queueing frappe.integrations.doctype.google_calendar.google_calendar.sync because it was found in queue for car.local
2026-05-07 12:23:30,650 ERROR scheduler Skipped queueing frappe.email.queue.retry_sending_emails because it was found in queue for car.local
2026-05-07 12:23:30,656 ERROR scheduler Skipped queueing frappe.monitor.flush because it was found in queue for car.local
2026-05-07 12:23:30,657 ERROR scheduler Skipped queueing frappe.email.queue.flush because it was found in queue for car.local
2026-05-07 12:24:30,721 ERROR scheduler Skipped queueing frappe.email.queue.flush because it was found in queue for car.local
2026-05-07 12:24:30,723 ERROR scheduler Skipped queueing frappe.monitor.flush because it was found in queue for car.local
2026-05-07 12:24:30,737 ERROR scheduler Skipped queueing frappe.email.queue.retry_sending_emails because it was found in queue for car.local
2026-05-07 12:24:30,742 ERROR scheduler Skipped queueing frappe.integrations.doctype.google_calendar.google_calendar.sync because it was found in queue for car.local
2026-05-07 12:25:30,878 ERROR scheduler Skipped queueing frappe.monitor.flush because it was found in queue for car.local
2026-05-07 12:25:30,891 ERROR scheduler Skipped queueing frappe.email.queue.flush because it was found in queue for car.local
2026-05-07 12:25:30,894 ERROR scheduler Skipped queueing frappe.email.queue.retry_sending_emails because it was found in queue for car.local
2026-05-07 12:25:30,918 ERROR scheduler Skipped queueing frappe.integrations.doctype.google_calendar.google_calendar.sync because it was found in queue for car.local
2026-05-07 12:53:35,235 ERROR scheduler Skipped queueing frappe.email.queue.flush because it was found in queue for car.local
2026-05-07 12:53:35,253 ERROR scheduler Skipped queueing frappe.email.queue.retry_sending_emails because it was found in queue for car.local
2026-05-07 12:53:35,270 ERROR scheduler Skipped queueing frappe.monitor.flush because it was found in queue for car.local
2026-05-07 12:53:35,278 ERROR scheduler Skipped queueing frappe.integrations.doctype.google_calendar.google_calendar.sync because it was found in queue for car.local
2026-05-07 12:54:35,420 ERROR scheduler Skipped queueing frappe.integrations.doctype.google_calendar.google_calendar.sync because it was found in queue for car.local
2026-05-07 12:54:35,423 ERROR scheduler Skipped queueing frappe.email.queue.flush because it was found in queue for car.local
2026-05-07 12:54:35,426 ERROR scheduler Skipped queueing frappe.email.queue.retry_sending_emails because it was found in queue for car.local
2026-05-07 12:54:35,456 ERROR scheduler Skipped queueing frappe.monitor.flush because it was found in queue for car.local
2026-05-07 12:55:35,555 ERROR scheduler Skipped queueing frappe.monitor.flush because it was found in queue for car.local
2026-05-07 12:55:35,577 ERROR scheduler Skipped queueing frappe.email.queue.retry_sending_emails because it was found in queue for car.local
2026-05-07 12:55:35,587 ERROR scheduler Skipped queueing frappe.email.queue.flush because it was found in queue for car.local
2026-05-07 12:55:35,599 ERROR scheduler Skipped queueing frappe.integrations.doctype.google_calendar.google_calendar.sync because it was found in queue for car.local
2026-05-07 13:11:37,934 ERROR scheduler Skipped queueing frappe.email.doctype.email_account.email_account.pull because it was found in queue for car.local
2026-05-07 13:12:38,046 ERROR scheduler Skipped queueing frappe.email.queue.flush because it was found in queue for car.local
2026-05-07 13:12:38,050 ERROR scheduler Skipped queueing frappe.email.doctype.email_account.email_account.pull because it was found in queue for car.local
2026-05-07 13:13:38,151 ERROR scheduler Skipped queueing frappe.monitor.flush because it was found in queue for car.local
2026-05-07 13:13:38,153 ERROR scheduler Skipped queueing frappe.email.queue.retry_sending_emails because it was found in queue for car.local
2026-05-07 13:13:38,164 ERROR scheduler Skipped queueing frappe.integrations.doctype.google_calendar.google_calendar.sync because it was found in queue for car.local
2026-05-07 13:31:40,315 ERROR scheduler Skipped queueing frappe.email.doctype.email_account.email_account.notify_unreplied because it was found in queue for car.local
2026-05-07 13:31:40,323 ERROR scheduler Skipped queueing frappe.model.utils.link_count.update_link_count because it was found in queue for car.local
2026-05-07 13:31:40,326 ERROR scheduler Skipped queueing frappe.deferred_insert.save_to_db because it was found in queue for car.local
2026-05-07 13:31:40,329 ERROR scheduler Skipped queueing frappe.utils.telemetry.pulse.client.send_queued_events because it was found in queue for car.local
2026-05-07 13:31:40,331 ERROR scheduler Skipped queueing frappe.utils.global_search.sync_global_search because it was found in queue for car.local
2026-05-07 15:01:07,131 ERROR scheduler Skipped queueing frappe.utils.telemetry.pulse.client.send_queued_events because it was found in queue for car.local
2026-05-07 15:01:07,155 ERROR scheduler Skipped queueing frappe.deferred_insert.save_to_db because it was found in queue for car.local
2026-05-07 15:01:07,163 ERROR scheduler Skipped queueing frappe.twofactor.delete_all_barcodes_for_users because it was found in queue for car.local
2026-05-07 15:01:07,166 ERROR scheduler Skipped queueing frappe.monitor.flush because it was found in queue for car.local
2026-05-07 15:01:07,169 ERROR scheduler Skipped queueing frappe.desk.form.document_follow.send_hourly_updates because it was found in queue for car.local
2026-05-07 15:01:07,172 ERROR scheduler Skipped queueing frappe.desk.page.backups.backups.delete_downloadable_backups because it was found in queue for car.local
2026-05-07 15:01:07,175 ERROR scheduler Skipped queueing frappe.oauth.delete_oauth2_data because it was found in queue for car.local
2026-05-07 15:01:07,176 ERROR scheduler Skipped queueing frappe.model.utils.user_settings.sync_user_settings because it was found in queue for car.local
2026-05-07 15:01:07,179 ERROR scheduler Skipped queueing frappe.website.doctype.web_page.web_page.check_publish_status because it was found in queue for car.local
2026-05-07 15:01:07,182 ERROR scheduler Skipped queueing frappe.utils.global_search.sync_global_search because it was found in queue for car.local
2026-05-07 15:01:07,183 ERROR scheduler Skipped queueing frappe.email.queue.retry_sending_emails because it was found in queue for car.local
2026-05-07 15:01:07,187 ERROR scheduler Skipped queueing frappe.desk.utils.delete_old_exported_report_files because it was found in queue for car.local
2026-05-07 15:01:07,188 ERROR scheduler Skipped queueing frappe.email.queue.flush because it was found in queue for car.local
2026-05-07 15:01:07,190 ERROR scheduler Skipped queueing frappe.email.doctype.email_account.email_account.notify_unreplied because it was found in queue for car.local
2026-05-07 15:01:07,191 ERROR scheduler Skipped queueing frappe.website.doctype.personal_data_deletion_request.personal_data_deletion_request.process_data_deletion_request because it was found in queue for car.local
2026-05-07 15:01:07,192 ERROR scheduler Skipped queueing frappe.core.doctype.prepared_report.prepared_report.expire_stalled_report because it was found in queue for car.local
2026-05-07 15:01:07,193 ERROR scheduler Skipped queueing frappe.automation.doctype.reminder.reminder.send_reminders because it was found in queue for car.local
2026-05-07 15:01:07,195 ERROR scheduler Skipped queueing frappe.search.sqlite_search.build_index_if_not_exists because it was found in queue for car.local
2026-05-07 15:01:07,197 ERROR scheduler Skipped queueing frappe.model.utils.link_count.update_link_count because it was found in queue for car.local
2026-05-07 15:01:07,198 ERROR scheduler Skipped queueing frappe.email.doctype.newsletter.newsletter.send_scheduled_email because it was found in queue for car.local
2026-05-07 15:01:07,201 ERROR scheduler Skipped queueing frappe.integrations.doctype.google_calendar.google_calendar.sync because it was found in queue for car.local
2026-05-07 15:02:07,309 ERROR scheduler Skipped queueing frappe.deferred_insert.save_to_db because it was found in queue for car.local
2026-05-07 15:02:07,312 ERROR scheduler Skipped queueing frappe.model.utils.user_settings.sync_user_settings because it was found in queue for car.local
2026-05-07 15:02:07,317 ERROR scheduler Skipped queueing frappe.email.queue.retry_sending_emails because it was found in queue for car.local
2026-05-07 15:02:07,320 ERROR scheduler Skipped queueing frappe.twofactor.delete_all_barcodes_for_users because it was found in queue for car.local
2026-05-07 15:02:07,323 ERROR scheduler Skipped queueing frappe.utils.telemetry.pulse.client.send_queued_events because it was found in queue for car.local
2026-05-07 15:02:07,324 ERROR scheduler Skipped queueing frappe.core.doctype.prepared_report.prepared_report.expire_stalled_report because it was found in queue for car.local
2026-05-07 15:02:07,325 ERROR scheduler Skipped queueing frappe.oauth.delete_oauth2_data because it was found in queue for car.local
2026-05-07 15:02:07,326 ERROR scheduler Skipped queueing frappe.email.doctype.newsletter.newsletter.send_scheduled_email because it was found in queue for car.local
2026-05-07 15:02:07,327 ERROR scheduler Skipped queueing frappe.model.utils.link_count.update_link_count because it was found in queue for car.local
2026-05-07 15:02:07,328 ERROR scheduler Skipped queueing frappe.email.queue.flush because it was found in queue for car.local
2026-05-07 15:02:07,329 ERROR scheduler Skipped queueing frappe.desk.utils.delete_old_exported_report_files because it was found in queue for car.local
2026-05-07 15:02:07,330 ERROR scheduler Skipped queueing frappe.integrations.doctype.google_calendar.google_calendar.sync because it was found in queue for car.local
2026-05-07 15:02:07,331 ERROR scheduler Skipped queueing frappe.desk.form.document_follow.send_hourly_updates because it was found in queue for car.local
2026-05-07 15:02:07,333 ERROR scheduler Skipped queueing frappe.desk.page.backups.backups.delete_downloadable_backups because it was found in queue for car.local
2026-05-07 15:02:07,334 ERROR scheduler Skipped queueing frappe.email.doctype.email_account.email_account.notify_unreplied because it was found in queue for car.local
2026-05-07 15:02:07,335 ERROR scheduler Skipped queueing frappe.monitor.flush because it was found in queue for car.local
2026-05-07 15:02:07,336 ERROR scheduler Skipped queueing frappe.utils.global_search.sync_global_search because it was found in queue for car.local
2026-05-07 15:02:07,337 ERROR scheduler Skipped queueing frappe.website.doctype.personal_data_deletion_request.personal_data_deletion_request.process_data_deletion_request because it was found in queue for car.local
2026-05-07 15:02:07,338 ERROR scheduler Skipped queueing frappe.website.doctype.web_page.web_page.check_publish_status because it was found in queue for car.local
2026-05-07 15:02:07,340 ERROR scheduler Skipped queueing frappe.search.sqlite_search.build_index_if_not_exists because it was found in queue for car.local
2026-05-07 15:02:07,341 ERROR scheduler Skipped queueing frappe.automation.doctype.reminder.reminder.send_reminders because it was found in queue for car.local
2026-05-13 16:41:43,858 ERROR scheduler Skipped queueing frappe.monitor.flush because it was found in queue for car.local
2026-05-13 16:41:43,881 ERROR scheduler Skipped queueing frappe.email.queue.retry_sending_emails because it was found in queue for car.local
2026-05-13 16:41:43,890 ERROR scheduler Skipped queueing frappe.email.queue.flush because it was found in queue for car.local
2026-05-13 16:42:43,988 ERROR scheduler Skipped queueing frappe.monitor.flush because it was found in queue for car.local
2026-05-13 16:42:43,998 ERROR scheduler Skipped queueing frappe.email.queue.retry_sending_emails because it was found in queue for car.local
2026-05-13 16:42:44,004 ERROR scheduler Skipped queueing frappe.email.queue.flush because it was found in queue for car.local
2026-05-13 16:43:44,097 ERROR scheduler Skipped queueing frappe.email.queue.flush because it was found in queue for car.local
2026-05-13 16:43:44,118 ERROR scheduler Skipped queueing frappe.monitor.flush because it was found in queue for car.local
2026-05-13 16:43:44,128 ERROR scheduler Skipped queueing frappe.email.queue.retry_sending_emails because it was found in queue for car.local
2026-05-13 16:44:44,186 ERROR scheduler Skipped queueing frappe.email.queue.retry_sending_emails because it was found in queue for car.local
2026-05-13 16:44:44,192 ERROR scheduler Skipped queueing frappe.monitor.flush because it was found in queue for car.local
2026-05-13 16:44:44,206 ERROR scheduler Skipped queueing frappe.email.queue.flush because it was found in queue for car.local
2026-05-13 16:45:44,349 ERROR scheduler Skipped queueing frappe.email.queue.retry_sending_emails because it was found in queue for car.local
2026-05-13 16:45:44,365 ERROR scheduler Skipped queueing frappe.monitor.flush because it was found in queue for car.local
2026-05-13 16:45:44,387 ERROR scheduler Skipped queueing frappe.integrations.doctype.google_calendar.google_calendar.sync because it was found in queue for car.local
2026-05-13 16:45:44,390 ERROR scheduler Skipped queueing frappe.email.queue.flush because it was found in queue for car.local
2026-05-18 12:46:53,407 ERROR scheduler Skipped queueing frappe.twofactor.delete_all_barcodes_for_users because it was found in queue for car.local
2026-05-18 12:46:53,412 ERROR scheduler Skipped queueing frappe.website.doctype.personal_data_deletion_request.personal_data_deletion_request.process_data_deletion_request because it was found in queue for car.local
2026-05-18 12:46:53,415 ERROR scheduler Skipped queueing frappe.website.doctype.personal_data_deletion_request.personal_data_deletion_request.remove_unverified_record because it was found in queue for car.local
2026-05-18 12:46:53,417 ERROR scheduler Skipped queueing frappe.integrations.doctype.google_contacts.google_contacts.sync because it was found in queue for car.local
2026-05-18 12:46:53,423 ERROR scheduler Skipped queueing frappe.desk.form.document_follow.send_hourly_updates because it was found in queue for car.local
2026-05-18 12:46:53,424 ERROR scheduler Skipped queueing frappe.core.doctype.user_invitation.user_invitation.mark_expired_invitations because it was found in queue for car.local
2026-05-18 12:46:53,425 ERROR scheduler Skipped queueing frappe.core.doctype.prepared_report.prepared_report.expire_stalled_report because it was found in queue for car.local
2026-05-18 12:46:53,427 ERROR scheduler Skipped queueing frappe.core.doctype.log_settings.log_settings.run_log_clean_up because it was found in queue for car.local
